[2026-05-06 04:28:36] local.ERROR: Cannot redeclare class App\Http\Controllers\PortfolioController (previously declared in C:\Users\user\Herd\portfolio\app\Http\Controllers\PortfolioController.php:7) {"exception":"[object] (Symfony\\Component\\ErrorHandler\\Error\\FatalError(code: 0): Cannot redeclare class App\\Http\\Controllers\\PortfolioController (previously declared in C:\\Users\\user\\Herd\\portfolio\\app\\Http\\Controllers\\PortfolioController.php:7) at C:/Users/user/Herd/portfolio/app/Http/Controllers/Controller.php:7)
[stacktrace]
#0 {main}
"} 
[2026-05-06 04:28:38] local.ERROR: Cannot redeclare class App\Http\Controllers\PortfolioController (previously declared in C:\Users\user\Herd\portfolio\app\Http\Controllers\PortfolioController.php:7) {"exception":"[object] (Symfony\\Component\\ErrorHandler\\Error\\FatalError(code: 0): Cannot redeclare class App\\Http\\Controllers\\PortfolioController (previously declared in C:\\Users\\user\\Herd\\portfolio\\app\\Http\\Controllers\\PortfolioController.php:7) at C:/Users/user/Herd/portfolio/app/Http/Controllers/Controller.php:7)
[stacktrace]
#0 {main}
"} 
[2026-05-06 04:32:31] local.ERROR: Cannot redeclare class App\Http\Controllers\PortfolioController (previously declared in C:\Users\user\Herd\portfolio\app\Http\Controllers\PortfolioController.php:7) {"exception":"[object] (Symfony\\Component\\ErrorHandler\\Error\\FatalError(code: 0): Cannot redeclare class App\\Http\\Controllers\\PortfolioController (previously declared in C:\\Users\\user\\Herd\\portfolio\\app\\Http\\Controllers\\PortfolioController.php:7) at C:/Users/user/Herd/portfolio/app/Http/Controllers/Controller.php:7)
[stacktrace]
#0 {main}
"} 
[2026-05-06 04:32:45] local.ERROR: Cannot redeclare class App\Http\Controllers\PortfolioController (previously declared in C:\Users\user\Herd\portfolio\app\Http\Controllers\PortfolioController.php:7) {"exception":"[object] (Symfony\\Component\\ErrorHandler\\Error\\FatalError(code: 0): Cannot redeclare class App\\Http\\Controllers\\PortfolioController (previously declared in C:\\Users\\user\\Herd\\portfolio\\app\\Http\\Controllers\\PortfolioController.php:7) at C:/Users/user/Herd/portfolio/app/Http/Controllers/Controller.php:7)
[stacktrace]
#0 {main}
"} 
[2026-05-06 04:32:49] local.ERROR: Cannot redeclare class App\Http\Controllers\PortfolioController (previously declared in C:\Users\user\Herd\portfolio\app\Http\Controllers\PortfolioController.php:7) {"exception":"[object] (Symfony\\Component\\ErrorHandler\\Error\\FatalError(code: 0): Cannot redeclare class App\\Http\\Controllers\\PortfolioController (previously declared in C:\\Users\\user\\Herd\\portfolio\\app\\Http\\Controllers\\PortfolioController.php:7) at C:/Users/user/Herd/portfolio/app/Http/Controllers/Controller.php:7)
[stacktrace]
#0 {main}
"} 
[2026-05-06 04:32:58] local.ERROR: Cannot redeclare class App\Http\Controllers\PortfolioController (previously declared in C:\Users\user\Herd\portfolio\app\Http\Controllers\PortfolioController.php:7) {"exception":"[object] (Symfony\\Component\\ErrorHandler\\Error\\FatalError(code: 0): Cannot redeclare class App\\Http\\Controllers\\PortfolioController (previously declared in C:\\Users\\user\\Herd\\portfolio\\app\\Http\\Controllers\\PortfolioController.php:7) at C:/Users/user/Herd/portfolio/app/Http/Controllers/Controller.php:7)
[stacktrace]
#0 {main}
"} 
[2026-05-06 04:33:04] local.ERROR: Cannot redeclare class App\Http\Controllers\PortfolioController (previously declared in C:\Users\user\Herd\portfolio\app\Http\Controllers\PortfolioController.php:7) {"exception":"[object] (Symfony\\Component\\ErrorHandler\\Error\\FatalError(code: 0): Cannot redeclare class App\\Http\\Controllers\\PortfolioController (previously declared in C:\\Users\\user\\Herd\\portfolio\\app\\Http\\Controllers\\PortfolioController.php:7) at C:/Users/user/Herd/portfolio/app/Http/Controllers/Controller.php:7)
[stacktrace]
#0 {main}
"} 
[2026-05-06 04:33:08] local.ERROR: Cannot redeclare class App\Http\Controllers\PortfolioController (previously declared in C:\Users\user\Herd\portfolio\app\Http\Controllers\PortfolioController.php:7) {"exception":"[object] (Symfony\\Component\\ErrorHandler\\Error\\FatalError(code: 0): Cannot redeclare class App\\Http\\Controllers\\PortfolioController (previously declared in C:\\Users\\user\\Herd\\portfolio\\app\\Http\\Controllers\\PortfolioController.php:7) at C:/Users/user/Herd/portfolio/app/Http/Controllers/Controller.php:7)
[stacktrace]
#0 {main}
"} 
[2026-05-06 04:36:59] testing.ERROR: Call to undefined function Illuminate\Support\mb_split() {"exception":"[object] (Error(code: 0): Call to undefined function Illuminate\\Support\\mb_split() at C:/Users/user/Herd/portfolio/vendor/laravel/framework/src/Illuminate/Support/Str.php:1722)
[stacktrace]
#0 C:/Users/user/Herd/portfolio/vendor/laravel/framework/src/Illuminate/Support/Manager.php(102): Illuminate/Support/Str::studly('file')
#1 C:/Users/user/Herd/portfolio/vendor/laravel/framework/src/Illuminate/Support/Manager.php(82): Illuminate/Support/Manager->createDriver('file')
#2 C:/Users/user/Herd/portfolio/vendor/laravel/framework/src/Illuminate/Foundation/Providers/FoundationServiceProvider.php(295): Illuminate/Support/Manager->driver()
#3 C:/Users/user/Herd/portfolio/vendor/laravel/framework/src/Illuminate/Container/Container.php(1118): Illuminate/Foundation/Providers/FoundationServiceProvider->{closure:Illuminate/Foundation/Providers/FoundationServiceProvider::registerMaintenanceModeManager():295}(Object(Illuminate/Foundation/Application), Array)
#4 C:/Users/user/Herd/portfolio/vendor/laravel/framework/src/Illuminate/Container/Container.php(936): Illuminate/Container/Container->build(Object(Closure))
#5 C:/Users/user/Herd/portfolio/vendor/laravel/framework/src/Illuminate/Foundation/Application.php(1078): Illuminate/Container/Container->resolve('Illuminate//Cont...', Array, true)
#6 C:/Users/user/Herd/portfolio/vendor/laravel/framework/src/Illuminate/Container/Container.php(864): Illuminate/Foundation/Application->resolve('Illuminate//Cont...', Array)
#7 C:/Users/user/Herd/portfolio/vendor/laravel/framework/src/Illuminate/Foundation/Application.php(1058): Illuminate/Container/Container->make('Illuminate//Cont...', Array)
#8 C:/Users/user/Herd/portfolio/vendor/laravel/framework/src/Illuminate/Foundation/Application.php(1410): Illuminate/Foundation/Application->make('Illuminate//Cont...')
#9 C:/Users/user/Herd/portfolio/vendor/laravel/framework/src/Illuminate/Foundation/Http/Middleware/PreventRequestsDuringMaintenance.php(64): Illuminate/Foundation/Application->maintenanceMode()
#10 C:/Users/user/Herd/portfolio/vendor/laravel/framework/src/Illuminate/Pipeline/Pipeline.php(219): Illuminate/Foundation/Http/Middleware/PreventRequestsDuringMaintenance->handle(Object(Illuminate/Http/Request), Object(Closure))
#11 C:/Users/user/Herd/portfolio/vendor/laravel/framework/src/Illuminate/Http/Middleware/HandleCors.php(61): Illuminate/Pipeline/Pipeline->{closure:{closure:Illuminate/Pipeline/Pipeline::carry():194}:195}(Object(Illuminate/Http/Request))
#12 C:/Users/user/Herd/portfolio/vendor/laravel/framework/src/Illuminate/Pipeline/Pipeline.php(219): Illuminate/Http/Middleware/HandleCors->handle(Object(Illuminate/Http/Request), Object(Closure))
#13 C:/Users/user/Herd/portfolio/vendor/laravel/framework/src/Illuminate/Http/Middleware/TrustProxies.php(58): Illuminate/Pipeline/Pipeline->{closure:{closure:Illuminate/Pipeline/Pipeline::carry():194}:195}(Object(Illuminate/Http/Request))
#14 C:/Users/user/Herd/portfolio/vendor/laravel/framework/src/Illuminate/Pipeline/Pipeline.php(219): Illuminate/Http/Middleware/TrustProxies->handle(Object(Illuminate/Http/Request), Object(Closure))
#15 C:/Users/user/Herd/portfolio/vendor/laravel/framework/src/Illuminate/Foundation/Http/Middleware/InvokeDeferredCallbacks.php(22): Illuminate/Pipeline/Pipeline->{closure:{closure:Illuminate/Pipeline/Pipeline::carry():194}:195}(Object(Illuminate/Http/Request))
#16 C:/Users/user/Herd/portfolio/vendor/laravel/framework/src/Illuminate/Pipeline/Pipeline.php(219): Illuminate/Foundation/Http/Middleware/InvokeDeferredCallbacks->handle(Object(Illuminate/Http/Request), Object(Closure))
#17 C:/Users/user/Herd/portfolio/vendor/laravel/framework/src/Illuminate/Http/Middleware/ValidatePathEncoding.php(28): Illuminate/Pipeline/Pipeline->{closure:{closure:Illuminate/Pipeline/Pipeline::carry():194}:195}(Object(Illuminate/Http/Request))
#18 C:/Users/user/Herd/portfolio/vendor/laravel/framework/src/Illuminate/Pipeline/Pipeline.php(219): Illuminate/Http/Middleware/ValidatePathEncoding->handle(Object(Illuminate/Http/Request), Object(Closure))
#19 C:/Users/user/Herd/portfolio/vendor/laravel/framework/src/Illuminate/Pipeline/Pipeline.php(137): Illuminate/Pipeline/Pipeline->{closure:{closure:Illuminate/Pipeline/Pipeline::carry():194}:195}(Object(Illuminate/Http/Request))
#20 C:/Users/user/Herd/portfolio/vendor/laravel/framework/src/Illuminate/Foundation/Http/Kernel.php(175): Illuminate/Pipeline/Pipeline->then(Object(Closure))
#21 C:/Users/user/Herd/portfolio/vendor/laravel/framework/src/Illuminate/Foundation/Http/Kernel.php(144): Illuminate/Foundation/Http/Kernel->sendRequestThroughRouter(Object(Illuminate/Http/Request))
#22 C:/Users/user/Herd/portfolio/vendor/laravel/framework/src/Illuminate/Foundation/Testing/Concerns/MakesHttpRequests.php(607): Illuminate/Foundation/Http/Kernel->handle(Object(Illuminate/Http/Request))
#23 C:/Users/user/Herd/portfolio/vendor/laravel/framework/src/Illuminate/Foundation/Testing/Concerns/MakesHttpRequests.php(368): Illuminate/Foundation/Testing/TestCase->call('GET', '/', Array, Array, Array, Array)
#24 C:/Users/user/Herd/portfolio/tests/Feature/ExampleTest.php(4): Illuminate/Foundation/Testing/TestCase->get('/')
#25 C:/Users/user/Herd/portfolio/vendor/pestphp/pest/src/Factories/TestCaseMethodFactory.php(177): P/Tests/Feature/ExampleTest->{closure:C:/Users/user/Herd/portfolio/tests/Feature/ExampleTest.php:3}()
#26 [internal function]: P/Tests/Feature/ExampleTest->{closure:Pest/Factories/TestCaseMethodFactory::getClosure():167}()
#27 C:/Users/user/Herd/portfolio/vendor/pestphp/pest/src/Concerns/Testable.php(576): call_user_func_array(Object(Closure), Array)
#28 C:/Users/user/Herd/portfolio/vendor/pestphp/pest/src/Support/ExceptionTrace.php(26): P/Tests/Feature/ExampleTest->{closure:Pest/Concerns/Testable::__callClosure():576}()
#29 C:/Users/user/Herd/portfolio/vendor/pestphp/pest/src/Concerns/Testable.php(576): Pest/Support/ExceptionTrace::ensure(Object(Closure))
#30 C:/Users/user/Herd/portfolio/vendor/pestphp/pest/src/Concerns/Testable.php(403): P/Tests/Feature/ExampleTest->__callClosure(Object(Closure), Array)
#31 C:/Users/user/Herd/portfolio/vendor/pestphp/pest/src/Factories/TestCaseFactory.php(175) : eval()'d code(17): P/Tests/Feature/ExampleTest->__runTest(Object(Closure))
#32 C:/Users/user/Herd/portfolio/vendor/phpunit/phpunit/src/Framework/TestCase.php(1310): P/Tests/Feature/ExampleTest->__pest_evaluable_the_application_returns_a_successful_response()
#33 C:/Users/user/Herd/portfolio/vendor/phpunit/phpunit/src/Framework/TestCase.php(1344): PHPUnit/Framework/TestCase->invokeTestMethod('__pest_evaluabl...', Array)
#34 C:/Users/user/Herd/portfolio/vendor/phpunit/phpunit/src/Framework/TestCase.php(520): PHPUnit/Framework/TestCase->runTest()
#35 C:/Users/user/Herd/portfolio/vendor/phpunit/phpunit/src/Framework/TestRunner/TestRunner.php(99): PHPUnit/Framework/TestCase->runBare()
#36 C:/Users/user/Herd/portfolio/vendor/phpunit/phpunit/src/Framework/TestCase.php(360): PHPUnit/Framework/TestRunner->run(Object(P/Tests/Feature/ExampleTest))
#37 C:/Users/user/Herd/portfolio/vendor/phpunit/phpunit/src/Framework/TestSuite.php(374): PHPUnit/Framework/TestCase->run()
#38 C:/Users/user/Herd/portfolio/vendor/phpunit/phpunit/src/Framework/TestSuite.php(374): PHPUnit/Framework/TestSuite->run()
#39 C:/Users/user/Herd/portfolio/vendor/phpunit/phpunit/src/Framework/TestSuite.php(374): PHPUnit/Framework/TestSuite->run()
#40 C:/Users/user/Herd/portfolio/vendor/phpunit/phpunit/src/TextUI/TestRunner.php(64): PHPUnit/Framework/TestSuite->run()
#41 C:/Users/user/Herd/portfolio/vendor/phpunit/phpunit/src/TextUI/Application.php(229): PHPUnit/TextUI/TestRunner->run(Object(PHPUnit/TextUI/Configuration/Configuration), Object(PHPUnit/Runner/ResultCache/DefaultResultCache), Object(PHPUnit/Framework/TestSuite))
#42 C:/Users/user/Herd/portfolio/vendor/pestphp/pest/src/Kernel.php(117): PHPUnit/TextUI/Application->run(Array)
#43 C:/Users/user/Herd/portfolio/vendor/pestphp/pest/bin/pest(207): Pest/Kernel->handle(Array, Array)
#44 C:/Users/user/Herd/portfolio/vendor/pestphp/pest/bin/pest(215): {closure:C:/Users/user/Herd/portfolio/vendor/pestphp/pest/bin/pest:21}()
#45 {main}
"} 
[2026-05-06 04:37:00] testing.ERROR: Call to undefined function Illuminate\Support\mb_split() {"exception":"[object] (Error(code: 0): Call to undefined function Illuminate\\Support\\mb_split() at C:/Users/user/Herd/portfolio/vendor/laravel/framework/src/Illuminate/Support/Str.php:1722)
[stacktrace]
#0 C:/Users/user/Herd/portfolio/vendor/laravel/framework/src/Illuminate/Support/Manager.php(102): Illuminate/Support/Str::studly('array')
#1 C:/Users/user/Herd/portfolio/vendor/laravel/framework/src/Illuminate/Support/Manager.php(82): Illuminate/Support/Manager->createDriver('array')
#2 C:/Users/user/Herd/portfolio/vendor/laravel/framework/src/Illuminate/Session/SessionServiceProvider.php(52): Illuminate/Support/Manager->driver()
#3 C:/Users/user/Herd/portfolio/vendor/laravel/framework/src/Illuminate/Container/Container.php(1118): Illuminate/Session/SessionServiceProvider->{closure:Illuminate/Session/SessionServiceProvider::registerSessionDriver():48}(Object(Illuminate/Foundation/Application), Array)
#4 C:/Users/user/Herd/portfolio/vendor/laravel/framework/src/Illuminate/Container/Container.php(936): Illuminate/Container/Container->build(Object(Closure))
#5 C:/Users/user/Herd/portfolio/vendor/laravel/framework/src/Illuminate/Foundation/Application.php(1078): Illuminate/Container/Container->resolve('session.store', Array, true)
#6 C:/Users/user/Herd/portfolio/vendor/laravel/framework/src/Illuminate/Container/Container.php(864): Illuminate/Foundation/Application->resolve('session.store', Array)
#7 C:/Users/user/Herd/portfolio/vendor/laravel/framework/src/Illuminate/Foundation/Application.php(1058): Illuminate/Container/Container->make('session.store', Array)
#8 C:/Users/user/Herd/portfolio/vendor/laravel/framework/src/Illuminate/Container/Container.php(1810): Illuminate/Foundation/Application->make('session.store')
#9 C:/Users/user/Herd/portfolio/vendor/laravel/framework/src/Illuminate/Routing/RoutingServiceProvider.php(121): Illuminate/Container/Container->offsetGet('session.store')
#10 C:/Users/user/Herd/portfolio/vendor/laravel/framework/src/Illuminate/Container/Container.php(1118): Illuminate/Routing/RoutingServiceProvider->{closure:Illuminate/Routing/RoutingServiceProvider::registerRedirector():114}(Object(Illuminate/Foundation/Application), Array)
#11 C:/Users/user/Herd/portfolio/vendor/laravel/framework/src/Illuminate/Container/Container.php(936): Illuminate/Container/Container->build(Object(Closure))
#12 C:/Users/user/Herd/portfolio/vendor/laravel/framework/src/Illuminate/Foundation/Application.php(1078): Illuminate/Container/Container->resolve('redirect', Array, true)
#13 C:/Users/user/Herd/portfolio/vendor/laravel/framework/src/Illuminate/Container/Container.php(864): Illuminate/Foundation/Application->resolve('redirect', Array)
#14 C:/Users/user/Herd/portfolio/vendor/laravel/framework/src/Illuminate/Foundation/Application.php(1058): Illuminate/Container/Container->make('redirect', Array)
#15 C:/Users/user/Herd/portfolio/vendor/laravel/framework/src/Illuminate/Container/Container.php(1810): Illuminate/Foundation/Application->make('redirect')
#16 C:/Users/user/Herd/portfolio/vendor/laravel/framework/src/Illuminate/Routing/RoutingServiceProvider.php(181): Illuminate/Container/Container->offsetGet('redirect')
#17 C:/Users/user/Herd/portfolio/vendor/laravel/framework/src/Illuminate/Container/Container.php(1118): Illuminate/Routing/RoutingServiceProvider->{closure:Illuminate/Routing/RoutingServiceProvider::registerResponseFactory():180}(Object(Illuminate/Foundation/Application), Array)
#18 C:/Users/user/Herd/portfolio/vendor/laravel/framework/src/Illuminate/Container/Container.php(936): Illuminate/Container/Container->build(Object(Closure))
#19 C:/Users/user/Herd/portfolio/vendor/laravel/framework/src/Illuminate/Foundation/Application.php(1078): Illuminate/Container/Container->resolve('Illuminate//Cont...', Array, true)
#20 C:/Users/user/Herd/portfolio/vendor/laravel/framework/src/Illuminate/Container/Container.php(864): Illuminate/Foundation/Application->resolve('Illuminate//Cont...', Array)
#21 C:/Users/user/Herd/portfolio/vendor/laravel/framework/src/Illuminate/Foundation/Application.php(1058): Illuminate/Container/Container->make('Illuminate//Cont...', Array)
#22 C:/Users/user/Herd/portfolio/vendor/laravel/framework/src/Illuminate/Foundation/helpers.php(138): Illuminate/Foundation/Application->make('Illuminate//Cont...', Array)
#23 C:/Users/user/Herd/portfolio/vendor/laravel/framework/src/Illuminate/Foundation/helpers.php(850): app('Illuminate//Cont...')
#24 C:/Users/user/Herd/portfolio/vendor/laravel/framework/src/Illuminate/Foundation/Exceptions/Handler.php(1033): response('<!-- Call to un...', 500, Array)
#25 C:/Users/user/Herd/portfolio/vendor/laravel/framework/src/Illuminate/Foundation/Exceptions/Handler.php(883): Illuminate/Foundation/Exceptions/Handler->toIlluminateResponse(Object(Symfony/Component/HttpFoundation/Response), Object(Error))
#26 C:/Users/user/Herd/portfolio/vendor/laravel/framework/src/Illuminate/Foundation/Exceptions/Handler.php(774): Illuminate/Foundation/Exceptions/Handler->prepareResponse(Object(Illuminate/Http/Request), Object(Error))
#27 C:/Users/user/Herd/portfolio/vendor/laravel/framework/src/Illuminate/Foundation/Exceptions/Handler.php(661): Illuminate/Foundation/Exceptions/Handler->renderExceptionResponse(Object(Illuminate/Http/Request), Object(Error))
#28 C:/Users/user/Herd/portfolio/vendor/laravel/framework/src/Illuminate/Routing/Pipeline.php(51): Illuminate/Foundation/Exceptions/Handler->render(Object(Illuminate/Http/Request), Object(Error))
#29 C:/Users/user/Herd/portfolio/vendor/laravel/framework/src/Illuminate/Pipeline/Pipeline.php(224): Illuminate/Routing/Pipeline->handleException(Object(Illuminate/Http/Request), Object(Error))
#30 C:/Users/user/Herd/portfolio/vendor/laravel/framework/src/Illuminate/Http/Middleware/HandleCors.php(61): Illuminate/Pipeline/Pipeline->{closure:{closure:Illuminate/Pipeline/Pipeline::carry():194}:195}(Object(Illuminate/Http/Request))
#31 C:/Users/user/Herd/portfolio/vendor/laravel/framework/src/Illuminate/Pipeline/Pipeline.php(219): Illuminate/Http/Middleware/HandleCors->handle(Object(Illuminate/Http/Request), Object(Closure))
#32 C:/Users/user/Herd/portfolio/vendor/laravel/framework/src/Illuminate/Http/Middleware/TrustProxies.php(58): Illuminate/Pipeline/Pipeline->{closure:{closure:Illuminate/Pipeline/Pipeline::carry():194}:195}(Object(Illuminate/Http/Request))
#33 C:/Users/user/Herd/portfolio/vendor/laravel/framework/src/Illuminate/Pipeline/Pipeline.php(219): Illuminate/Http/Middleware/TrustProxies->handle(Object(Illuminate/Http/Request), Object(Closure))
#34 C:/Users/user/Herd/portfolio/vendor/laravel/framework/src/Illuminate/Foundation/Http/Middleware/InvokeDeferredCallbacks.php(22): Illuminate/Pipeline/Pipeline->{closure:{closure:Illuminate/Pipeline/Pipeline::carry():194}:195}(Object(Illuminate/Http/Request))
#35 C:/Users/user/Herd/portfolio/vendor/laravel/framework/src/Illuminate/Pipeline/Pipeline.php(219): Illuminate/Foundation/Http/Middleware/InvokeDeferredCallbacks->handle(Object(Illuminate/Http/Request), Object(Closure))
#36 C:/Users/user/Herd/portfolio/vendor/laravel/framework/src/Illuminate/Http/Middleware/ValidatePathEncoding.php(28): Illuminate/Pipeline/Pipeline->{closure:{closure:Illuminate/Pipeline/Pipeline::carry():194}:195}(Object(Illuminate/Http/Request))
#37 C:/Users/user/Herd/portfolio/vendor/laravel/framework/src/Illuminate/Pipeline/Pipeline.php(219): Illuminate/Http/Middleware/ValidatePathEncoding->handle(Object(Illuminate/Http/Request), Object(Closure))
#38 C:/Users/user/Herd/portfolio/vendor/laravel/framework/src/Illuminate/Pipeline/Pipeline.php(137): Illuminate/Pipeline/Pipeline->{closure:{closure:Illuminate/Pipeline/Pipeline::carry():194}:195}(Object(Illuminate/Http/Request))
#39 C:/Users/user/Herd/portfolio/vendor/laravel/framework/src/Illuminate/Foundation/Http/Kernel.php(175): Illuminate/Pipeline/Pipeline->then(Object(Closure))
#40 C:/Users/user/Herd/portfolio/vendor/laravel/framework/src/Illuminate/Foundation/Http/Kernel.php(144): Illuminate/Foundation/Http/Kernel->sendRequestThroughRouter(Object(Illuminate/Http/Request))
#41 C:/Users/user/Herd/portfolio/vendor/laravel/framework/src/Illuminate/Foundation/Testing/Concerns/MakesHttpRequests.php(607): Illuminate/Foundation/Http/Kernel->handle(Object(Illuminate/Http/Request))
#42 C:/Users/user/Herd/portfolio/vendor/laravel/framework/src/Illuminate/Foundation/Testing/Concerns/MakesHttpRequests.php(368): Illuminate/Foundation/Testing/TestCase->call('GET', '/', Array, Array, Array, Array)
#43 C:/Users/user/Herd/portfolio/tests/Feature/ExampleTest.php(4): Illuminate/Foundation/Testing/TestCase->get('/')
#44 C:/Users/user/Herd/portfolio/vendor/pestphp/pest/src/Factories/TestCaseMethodFactory.php(177): P/Tests/Feature/ExampleTest->{closure:C:/Users/user/Herd/portfolio/tests/Feature/ExampleTest.php:3}()
#45 [internal function]: P/Tests/Feature/ExampleTest->{closure:Pest/Factories/TestCaseMethodFactory::getClosure():167}()
#46 C:/Users/user/Herd/portfolio/vendor/pestphp/pest/src/Concerns/Testable.php(576): call_user_func_array(Object(Closure), Array)
#47 C:/Users/user/Herd/portfolio/vendor/pestphp/pest/src/Support/ExceptionTrace.php(26): P/Tests/Feature/ExampleTest->{closure:Pest/Concerns/Testable::__callClosure():576}()
#48 C:/Users/user/Herd/portfolio/vendor/pestphp/pest/src/Concerns/Testable.php(576): Pest/Support/ExceptionTrace::ensure(Object(Closure))
#49 C:/Users/user/Herd/portfolio/vendor/pestphp/pest/src/Concerns/Testable.php(403): P/Tests/Feature/ExampleTest->__callClosure(Object(Closure), Array)
#50 C:/Users/user/Herd/portfolio/vendor/pestphp/pest/src/Factories/TestCaseFactory.php(175) : eval()'d code(17): P/Tests/Feature/ExampleTest->__runTest(Object(Closure))
#51 C:/Users/user/Herd/portfolio/vendor/phpunit/phpunit/src/Framework/TestCase.php(1310): P/Tests/Feature/ExampleTest->__pest_evaluable_the_application_returns_a_successful_response()
#52 C:/Users/user/Herd/portfolio/vendor/phpunit/phpunit/src/Framework/TestCase.php(1344): PHPUnit/Framework/TestCase->invokeTestMethod('__pest_evaluabl...', Array)
#53 C:/Users/user/Herd/portfolio/vendor/phpunit/phpunit/src/Framework/TestCase.php(520): PHPUnit/Framework/TestCase->runTest()
#54 C:/Users/user/Herd/portfolio/vendor/phpunit/phpunit/src/Framework/TestRunner/TestRunner.php(99): PHPUnit/Framework/TestCase->runBare()
#55 C:/Users/user/Herd/portfolio/vendor/phpunit/phpunit/src/Framework/TestCase.php(360): PHPUnit/Framework/TestRunner->run(Object(P/Tests/Feature/ExampleTest))
#56 C:/Users/user/Herd/portfolio/vendor/phpunit/phpunit/src/Framework/TestSuite.php(374): PHPUnit/Framework/TestCase->run()
#57 C:/Users/user/Herd/portfolio/vendor/phpunit/phpunit/src/Framework/TestSuite.php(374): PHPUnit/Framework/TestSuite->run()
#58 C:/Users/user/Herd/portfolio/vendor/phpunit/phpunit/src/Framework/TestSuite.php(374): PHPUnit/Framework/TestSuite->run()
#59 C:/Users/user/Herd/portfolio/vendor/phpunit/phpunit/src/TextUI/TestRunner.php(64): PHPUnit/Framework/TestSuite->run()
#60 C:/Users/user/Herd/portfolio/vendor/phpunit/phpunit/src/TextUI/Application.php(229): PHPUnit/TextUI/TestRunner->run(Object(PHPUnit/TextUI/Configuration/Configuration), Object(PHPUnit/Runner/ResultCache/DefaultResultCache), Object(PHPUnit/Framework/TestSuite))
#61 C:/Users/user/Herd/portfolio/vendor/pestphp/pest/src/Kernel.php(117): PHPUnit/TextUI/Application->run(Array)
#62 C:/Users/user/Herd/portfolio/vendor/pestphp/pest/bin/pest(207): Pest/Kernel->handle(Array, Array)
#63 C:/Users/user/Herd/portfolio/vendor/pestphp/pest/bin/pest(215): {closure:C:/Users/user/Herd/portfolio/vendor/pestphp/pest/bin/pest:21}()
#64 {main}
"} 
[2026-05-06 04:37:01] testing.ERROR: Call to undefined function Illuminate\Support\mb_split() {"exception":"[object] (Error(code: 0): Call to undefined function Illuminate\\Support\\mb_split() at C:/Users/user/Herd/portfolio/vendor/laravel/framework/src/Illuminate/Support/Str.php:1722)
[stacktrace]
#0 C:/Users/user/Herd/portfolio/vendor/laravel/framework/src/Illuminate/Support/Manager.php(102): Illuminate/Support/Str::studly('array')
#1 C:/Users/user/Herd/portfolio/vendor/laravel/framework/src/Illuminate/Support/Manager.php(82): Illuminate/Support/Manager->createDriver('array')
#2 C:/Users/user/Herd/portfolio/vendor/laravel/framework/src/Illuminate/Session/SessionServiceProvider.php(52): Illuminate/Support/Manager->driver()
#3 C:/Users/user/Herd/portfolio/vendor/laravel/framework/src/Illuminate/Container/Container.php(1118): Illuminate/Session/SessionServiceProvider->{closure:Illuminate/Session/SessionServiceProvider::registerSessionDriver():48}(Object(Illuminate/Foundation/Application), Array)
#4 C:/Users/user/Herd/portfolio/vendor/laravel/framework/src/Illuminate/Container/Container.php(936): Illuminate/Container/Container->build(Object(Closure))
#5 C:/Users/user/Herd/portfolio/vendor/laravel/framework/src/Illuminate/Foundation/Application.php(1078): Illuminate/Container/Container->resolve('session.store', Array, true)
#6 C:/Users/user/Herd/portfolio/vendor/laravel/framework/src/Illuminate/Container/Container.php(864): Illuminate/Foundation/Application->resolve('session.store', Array)
#7 C:/Users/user/Herd/portfolio/vendor/laravel/framework/src/Illuminate/Foundation/Application.php(1058): Illuminate/Container/Container->make('session.store', Array)
#8 C:/Users/user/Herd/portfolio/vendor/laravel/framework/src/Illuminate/Container/Container.php(1810): Illuminate/Foundation/Application->make('session.store')
#9 C:/Users/user/Herd/portfolio/vendor/laravel/framework/src/Illuminate/Routing/RoutingServiceProvider.php(121): Illuminate/Container/Container->offsetGet('session.store')
#10 C:/Users/user/Herd/portfolio/vendor/laravel/framework/src/Illuminate/Container/Container.php(1118): Illuminate/Routing/RoutingServiceProvider->{closure:Illuminate/Routing/RoutingServiceProvider::registerRedirector():114}(Object(Illuminate/Foundation/Application), Array)
#11 C:/Users/user/Herd/portfolio/vendor/laravel/framework/src/Illuminate/Container/Container.php(936): Illuminate/Container/Container->build(Object(Closure))
#12 C:/Users/user/Herd/portfolio/vendor/laravel/framework/src/Illuminate/Foundation/Application.php(1078): Illuminate/Container/Container->resolve('redirect', Array, true)
#13 C:/Users/user/Herd/portfolio/vendor/laravel/framework/src/Illuminate/Container/Container.php(864): Illuminate/Foundation/Application->resolve('redirect', Array)
#14 C:/Users/user/Herd/portfolio/vendor/laravel/framework/src/Illuminate/Foundation/Application.php(1058): Illuminate/Container/Container->make('redirect', Array)
#15 C:/Users/user/Herd/portfolio/vendor/laravel/framework/src/Illuminate/Container/Container.php(1810): Illuminate/Foundation/Application->make('redirect')
#16 C:/Users/user/Herd/portfolio/vendor/laravel/framework/src/Illuminate/Routing/RoutingServiceProvider.php(181): Illuminate/Container/Container->offsetGet('redirect')
#17 C:/Users/user/Herd/portfolio/vendor/laravel/framework/src/Illuminate/Container/Container.php(1118): Illuminate/Routing/RoutingServiceProvider->{closure:Illuminate/Routing/RoutingServiceProvider::registerResponseFactory():180}(Object(Illuminate/Foundation/Application), Array)
#18 C:/Users/user/Herd/portfolio/vendor/laravel/framework/src/Illuminate/Container/Container.php(936): Illuminate/Container/Container->build(Object(Closure))
#19 C:/Users/user/Herd/portfolio/vendor/laravel/framework/src/Illuminate/Foundation/Application.php(1078): Illuminate/Container/Container->resolve('Illuminate//Cont...', Array, true)
#20 C:/Users/user/Herd/portfolio/vendor/laravel/framework/src/Illuminate/Container/Container.php(864): Illuminate/Foundation/Application->resolve('Illuminate//Cont...', Array)
#21 C:/Users/user/Herd/portfolio/vendor/laravel/framework/src/Illuminate/Foundation/Application.php(1058): Illuminate/Container/Container->make('Illuminate//Cont...', Array)
#22 C:/Users/user/Herd/portfolio/vendor/laravel/framework/src/Illuminate/Foundation/helpers.php(138): Illuminate/Foundation/Application->make('Illuminate//Cont...', Array)
#23 C:/Users/user/Herd/portfolio/vendor/laravel/framework/src/Illuminate/Foundation/helpers.php(850): app('Illuminate//Cont...')
#24 C:/Users/user/Herd/portfolio/vendor/laravel/framework/src/Illuminate/Foundation/Exceptions/Handler.php(1033): response('<!-- Call to un...', 500, Array)
#25 C:/Users/user/Herd/portfolio/vendor/laravel/framework/src/Illuminate/Foundation/Exceptions/Handler.php(883): Illuminate/Foundation/Exceptions/Handler->toIlluminateResponse(Object(Symfony/Component/HttpFoundation/Response), Object(Error))
#26 C:/Users/user/Herd/portfolio/vendor/laravel/framework/src/Illuminate/Foundation/Exceptions/Handler.php(774): Illuminate/Foundation/Exceptions/Handler->prepareResponse(Object(Illuminate/Http/Request), Object(Error))
#27 C:/Users/user/Herd/portfolio/vendor/laravel/framework/src/Illuminate/Foundation/Exceptions/Handler.php(661): Illuminate/Foundation/Exceptions/Handler->renderExceptionResponse(Object(Illuminate/Http/Request), Object(Error))
#28 C:/Users/user/Herd/portfolio/vendor/laravel/framework/src/Illuminate/Routing/Pipeline.php(51): Illuminate/Foundation/Exceptions/Handler->render(Object(Illuminate/Http/Request), Object(Error))
#29 C:/Users/user/Herd/portfolio/vendor/laravel/framework/src/Illuminate/Pipeline/Pipeline.php(224): Illuminate/Routing/Pipeline->handleException(Object(Illuminate/Http/Request), Object(Error))
#30 C:/Users/user/Herd/portfolio/vendor/laravel/framework/src/Illuminate/Http/Middleware/TrustProxies.php(58): Illuminate/Pipeline/Pipeline->{closure:{closure:Illuminate/Pipeline/Pipeline::carry():194}:195}(Object(Illuminate/Http/Request))
#31 C:/Users/user/Herd/portfolio/vendor/laravel/framework/src/Illuminate/Pipeline/Pipeline.php(219): Illuminate/Http/Middleware/TrustProxies->handle(Object(Illuminate/Http/Request), Object(Closure))
#32 C:/Users/user/Herd/portfolio/vendor/laravel/framework/src/Illuminate/Foundation/Http/Middleware/InvokeDeferredCallbacks.php(22): Illuminate/Pipeline/Pipeline->{closure:{closure:Illuminate/Pipeline/Pipeline::carry():194}:195}(Object(Illuminate/Http/Request))
#33 C:/Users/user/Herd/portfolio/vendor/laravel/framework/src/Illuminate/Pipeline/Pipeline.php(219): Illuminate/Foundation/Http/Middleware/InvokeDeferredCallbacks->handle(Object(Illuminate/Http/Request), Object(Closure))
#34 C:/Users/user/Herd/portfolio/vendor/laravel/framework/src/Illuminate/Http/Middleware/ValidatePathEncoding.php(28): Illuminate/Pipeline/Pipeline->{closure:{closure:Illuminate/Pipeline/Pipeline::carry():194}:195}(Object(Illuminate/Http/Request))
#35 C:/Users/user/Herd/portfolio/vendor/laravel/framework/src/Illuminate/Pipeline/Pipeline.php(219): Illuminate/Http/Middleware/ValidatePathEncoding->handle(Object(Illuminate/Http/Request), Object(Closure))
#36 C:/Users/user/Herd/portfolio/vendor/laravel/framework/src/Illuminate/Pipeline/Pipeline.php(137): Illuminate/Pipeline/Pipeline->{closure:{closure:Illuminate/Pipeline/Pipeline::carry():194}:195}(Object(Illuminate/Http/Request))
#37 C:/Users/user/Herd/portfolio/vendor/laravel/framework/src/Illuminate/Foundation/Http/Kernel.php(175): Illuminate/Pipeline/Pipeline->then(Object(Closure))
#38 C:/Users/user/Herd/portfolio/vendor/laravel/framework/src/Illuminate/Foundation/Http/Kernel.php(144): Illuminate/Foundation/Http/Kernel->sendRequestThroughRouter(Object(Illuminate/Http/Request))
#39 C:/Users/user/Herd/portfolio/vendor/laravel/framework/src/Illuminate/Foundation/Testing/Concerns/MakesHttpRequests.php(607): Illuminate/Foundation/Http/Kernel->handle(Object(Illuminate/Http/Request))
#40 C:/Users/user/Herd/portfolio/vendor/laravel/framework/src/Illuminate/Foundation/Testing/Concerns/MakesHttpRequests.php(368): Illuminate/Foundation/Testing/TestCase->call('GET', '/', Array, Array, Array, Array)
#41 C:/Users/user/Herd/portfolio/tests/Feature/ExampleTest.php(4): Illuminate/Foundation/Testing/TestCase->get('/')
#42 C:/Users/user/Herd/portfolio/vendor/pestphp/pest/src/Factories/TestCaseMethodFactory.php(177): P/Tests/Feature/ExampleTest->{closure:C:/Users/user/Herd/portfolio/tests/Feature/ExampleTest.php:3}()
#43 [internal function]: P/Tests/Feature/ExampleTest->{closure:Pest/Factories/TestCaseMethodFactory::getClosure():167}()
#44 C:/Users/user/Herd/portfolio/vendor/pestphp/pest/src/Concerns/Testable.php(576): call_user_func_array(Object(Closure), Array)
#45 C:/Users/user/Herd/portfolio/vendor/pestphp/pest/src/Support/ExceptionTrace.php(26): P/Tests/Feature/ExampleTest->{closure:Pest/Concerns/Testable::__callClosure():576}()
#46 C:/Users/user/Herd/portfolio/vendor/pestphp/pest/src/Concerns/Testable.php(576): Pest/Support/ExceptionTrace::ensure(Object(Closure))
#47 C:/Users/user/Herd/portfolio/vendor/pestphp/pest/src/Concerns/Testable.php(403): P/Tests/Feature/ExampleTest->__callClosure(Object(Closure), Array)
#48 C:/Users/user/Herd/portfolio/vendor/pestphp/pest/src/Factories/TestCaseFactory.php(175) : eval()'d code(17): P/Tests/Feature/ExampleTest->__runTest(Object(Closure))
#49 C:/Users/user/Herd/portfolio/vendor/phpunit/phpunit/src/Framework/TestCase.php(1310): P/Tests/Feature/ExampleTest->__pest_evaluable_the_application_returns_a_successful_response()
#50 C:/Users/user/Herd/portfolio/vendor/phpunit/phpunit/src/Framework/TestCase.php(1344): PHPUnit/Framework/TestCase->invokeTestMethod('__pest_evaluabl...', Array)
#51 C:/Users/user/Herd/portfolio/vendor/phpunit/phpunit/src/Framework/TestCase.php(520): PHPUnit/Framework/TestCase->runTest()
#52 C:/Users/user/Herd/portfolio/vendor/phpunit/phpunit/src/Framework/TestRunner/TestRunner.php(99): PHPUnit/Framework/TestCase->runBare()
#53 C:/Users/user/Herd/portfolio/vendor/phpunit/phpunit/src/Framework/TestCase.php(360): PHPUnit/Framework/TestRunner->run(Object(P/Tests/Feature/ExampleTest))
#54 C:/Users/user/Herd/portfolio/vendor/phpunit/phpunit/src/Framework/TestSuite.php(374): PHPUnit/Framework/TestCase->run()
#55 C:/Users/user/Herd/portfolio/vendor/phpunit/phpunit/src/Framework/TestSuite.php(374): PHPUnit/Framework/TestSuite->run()
#56 C:/Users/user/Herd/portfolio/vendor/phpunit/phpunit/src/Framework/TestSuite.php(374): PHPUnit/Framework/TestSuite->run()
#57 C:/Users/user/Herd/portfolio/vendor/phpunit/phpunit/src/TextUI/TestRunner.php(64): PHPUnit/Framework/TestSuite->run()
#58 C:/Users/user/Herd/portfolio/vendor/phpunit/phpunit/src/TextUI/Application.php(229): PHPUnit/TextUI/TestRunner->run(Object(PHPUnit/TextUI/Configuration/Configuration), Object(PHPUnit/Runner/ResultCache/DefaultResultCache), Object(PHPUnit/Framework/TestSuite))
#59 C:/Users/user/Herd/portfolio/vendor/pestphp/pest/src/Kernel.php(117): PHPUnit/TextUI/Application->run(Array)
#60 C:/Users/user/Herd/portfolio/vendor/pestphp/pest/bin/pest(207): Pest/Kernel->handle(Array, Array)
#61 C:/Users/user/Herd/portfolio/vendor/pestphp/pest/bin/pest(215): {closure:C:/Users/user/Herd/portfolio/vendor/pestphp/pest/bin/pest:21}()
#62 {main}
"} 
[2026-05-06 04:37:02] testing.ERROR: Call to undefined function Illuminate\Support\mb_split() {"exception":"[object] (Error(code: 0): Call to undefined function Illuminate\\Support\\mb_split() at C:/Users/user/Herd/portfolio/vendor/laravel/framework/src/Illuminate/Support/Str.php:1722)
[stacktrace]
#0 C:/Users/user/Herd/portfolio/vendor/laravel/framework/src/Illuminate/Support/Manager.php(102): Illuminate/Support/Str::studly('array')
#1 C:/Users/user/Herd/portfolio/vendor/laravel/framework/src/Illuminate/Support/Manager.php(82): Illuminate/Support/Manager->createDriver('array')
#2 C:/Users/user/Herd/portfolio/vendor/laravel/framework/src/Illuminate/Session/SessionServiceProvider.php(52): Illuminate/Support/Manager->driver()
#3 C:/Users/user/Herd/portfolio/vendor/laravel/framework/src/Illuminate/Container/Container.php(1118): Illuminate/Session/SessionServiceProvider->{closure:Illuminate/Session/SessionServiceProvider::registerSessionDriver():48}(Object(Illuminate/Foundation/Application), Array)
#4 C:/Users/user/Herd/portfolio/vendor/laravel/framework/src/Illuminate/Container/Container.php(936): Illuminate/Container/Container->build(Object(Closure))
#5 C:/Users/user/Herd/portfolio/vendor/laravel/framework/src/Illuminate/Foundation/Application.php(1078): Illuminate/Container/Container->resolve('session.store', Array, true)
#6 C:/Users/user/Herd/portfolio/vendor/laravel/framework/src/Illuminate/Container/Container.php(864): Illuminate/Foundation/Application->resolve('session.store', Array)
#7 C:/Users/user/Herd/portfolio/vendor/laravel/framework/src/Illuminate/Foundation/Application.php(1058): Illuminate/Container/Container->make('session.store', Array)
#8 C:/Users/user/Herd/portfolio/vendor/laravel/framework/src/Illuminate/Container/Container.php(1810): Illuminate/Foundation/Application->make('session.store')
#9 C:/Users/user/Herd/portfolio/vendor/laravel/framework/src/Illuminate/Routing/RoutingServiceProvider.php(121): Illuminate/Container/Container->offsetGet('session.store')
#10 C:/Users/user/Herd/portfolio/vendor/laravel/framework/src/Illuminate/Container/Container.php(1118): Illuminate/Routing/RoutingServiceProvider->{closure:Illuminate/Routing/RoutingServiceProvider::registerRedirector():114}(Object(Illuminate/Foundation/Application), Array)
#11 C:/Users/user/Herd/portfolio/vendor/laravel/framework/src/Illuminate/Container/Container.php(936): Illuminate/Container/Container->build(Object(Closure))
#12 C:/Users/user/Herd/portfolio/vendor/laravel/framework/src/Illuminate/Foundation/Application.php(1078): Illuminate/Container/Container->resolve('redirect', Array, true)
#13 C:/Users/user/Herd/portfolio/vendor/laravel/framework/src/Illuminate/Container/Container.php(864): Illuminate/Foundation/Application->resolve('redirect', Array)
#14 C:/Users/user/Herd/portfolio/vendor/laravel/framework/src/Illuminate/Foundation/Application.php(1058): Illuminate/Container/Container->make('redirect', Array)
#15 C:/Users/user/Herd/portfolio/vendor/laravel/framework/src/Illuminate/Container/Container.php(1810): Illuminate/Foundation/Application->make('redirect')
#16 C:/Users/user/Herd/portfolio/vendor/laravel/framework/src/Illuminate/Routing/RoutingServiceProvider.php(181): Illuminate/Container/Container->offsetGet('redirect')
#17 C:/Users/user/Herd/portfolio/vendor/laravel/framework/src/Illuminate/Container/Container.php(1118): Illuminate/Routing/RoutingServiceProvider->{closure:Illuminate/Routing/RoutingServiceProvider::registerResponseFactory():180}(Object(Illuminate/Foundation/Application), Array)
#18 C:/Users/user/Herd/portfolio/vendor/laravel/framework/src/Illuminate/Container/Container.php(936): Illuminate/Container/Container->build(Object(Closure))
#19 C:/Users/user/Herd/portfolio/vendor/laravel/framework/src/Illuminate/Foundation/Application.php(1078): Illuminate/Container/Container->resolve('Illuminate//Cont...', Array, true)
#20 C:/Users/user/Herd/portfolio/vendor/laravel/framework/src/Illuminate/Container/Container.php(864): Illuminate/Foundation/Application->resolve('Illuminate//Cont...', Array)
#21 C:/Users/user/Herd/portfolio/vendor/laravel/framework/src/Illuminate/Foundation/Application.php(1058): Illuminate/Container/Container->make('Illuminate//Cont...', Array)
#22 C:/Users/user/Herd/portfolio/vendor/laravel/framework/src/Illuminate/Foundation/helpers.php(138): Illuminate/Foundation/Application->make('Illuminate//Cont...', Array)
#23 C:/Users/user/Herd/portfolio/vendor/laravel/framework/src/Illuminate/Foundation/helpers.php(850): app('Illuminate//Cont...')
#24 C:/Users/user/Herd/portfolio/vendor/laravel/framework/src/Illuminate/Foundation/Exceptions/Handler.php(1033): response('<!-- Call to un...', 500, Array)
#25 C:/Users/user/Herd/portfolio/vendor/laravel/framework/src/Illuminate/Foundation/Exceptions/Handler.php(883): Illuminate/Foundation/Exceptions/Handler->toIlluminateResponse(Object(Symfony/Component/HttpFoundation/Response), Object(Error))
#26 C:/Users/user/Herd/portfolio/vendor/laravel/framework/src/Illuminate/Foundation/Exceptions/Handler.php(774): Illuminate/Foundation/Exceptions/Handler->prepareResponse(Object(Illuminate/Http/Request), Object(Error))
#27 C:/Users/user/Herd/portfolio/vendor/laravel/framework/src/Illuminate/Foundation/Exceptions/Handler.php(661): Illuminate/Foundation/Exceptions/Handler->renderExceptionResponse(Object(Illuminate/Http/Request), Object(Error))
#28 C:/Users/user/Herd/portfolio/vendor/laravel/framework/src/Illuminate/Routing/Pipeline.php(51): Illuminate/Foundation/Exceptions/Handler->render(Object(Illuminate/Http/Request), Object(Error))
#29 C:/Users/user/Herd/portfolio/vendor/laravel/framework/src/Illuminate/Pipeline/Pipeline.php(224): Illuminate/Routing/Pipeline->handleException(Object(Illuminate/Http/Request), Object(Error))
#30 C:/Users/user/Herd/portfolio/vendor/laravel/framework/src/Illuminate/Foundation/Http/Middleware/InvokeDeferredCallbacks.php(22): Illuminate/Pipeline/Pipeline->{closure:{closure:Illuminate/Pipeline/Pipeline::carry():194}:195}(Object(Illuminate/Http/Request))
#31 C:/Users/user/Herd/portfolio/vendor/laravel/framework/src/Illuminate/Pipeline/Pipeline.php(219): Illuminate/Foundation/Http/Middleware/InvokeDeferredCallbacks->handle(Object(Illuminate/Http/Request), Object(Closure))
#32 C:/Users/user/Herd/portfolio/vendor/laravel/framework/src/Illuminate/Http/Middleware/ValidatePathEncoding.php(28): Illuminate/Pipeline/Pipeline->{closure:{closure:Illuminate/Pipeline/Pipeline::carry():194}:195}(Object(Illuminate/Http/Request))
#33 C:/Users/user/Herd/portfolio/vendor/laravel/framework/src/Illuminate/Pipeline/Pipeline.php(219): Illuminate/Http/Middleware/ValidatePathEncoding->handle(Object(Illuminate/Http/Request), Object(Closure))
#34 C:/Users/user/Herd/portfolio/vendor/laravel/framework/src/Illuminate/Pipeline/Pipeline.php(137): Illuminate/Pipeline/Pipeline->{closure:{closure:Illuminate/Pipeline/Pipeline::carry():194}:195}(Object(Illuminate/Http/Request))
#35 C:/Users/user/Herd/portfolio/vendor/laravel/framework/src/Illuminate/Foundation/Http/Kernel.php(175): Illuminate/Pipeline/Pipeline->then(Object(Closure))
#36 C:/Users/user/Herd/portfolio/vendor/laravel/framework/src/Illuminate/Foundation/Http/Kernel.php(144): Illuminate/Foundation/Http/Kernel->sendRequestThroughRouter(Object(Illuminate/Http/Request))
#37 C:/Users/user/Herd/portfolio/vendor/laravel/framework/src/Illuminate/Foundation/Testing/Concerns/MakesHttpRequests.php(607): Illuminate/Foundation/Http/Kernel->handle(Object(Illuminate/Http/Request))
#38 C:/Users/user/Herd/portfolio/vendor/laravel/framework/src/Illuminate/Foundation/Testing/Concerns/MakesHttpRequests.php(368): Illuminate/Foundation/Testing/TestCase->call('GET', '/', Array, Array, Array, Array)
#39 C:/Users/user/Herd/portfolio/tests/Feature/ExampleTest.php(4): Illuminate/Foundation/Testing/TestCase->get('/')
#40 C:/Users/user/Herd/portfolio/vendor/pestphp/pest/src/Factories/TestCaseMethodFactory.php(177): P/Tests/Feature/ExampleTest->{closure:C:/Users/user/Herd/portfolio/tests/Feature/ExampleTest.php:3}()
#41 [internal function]: P/Tests/Feature/ExampleTest->{closure:Pest/Factories/TestCaseMethodFactory::getClosure():167}()
#42 C:/Users/user/Herd/portfolio/vendor/pestphp/pest/src/Concerns/Testable.php(576): call_user_func_array(Object(Closure), Array)
#43 C:/Users/user/Herd/portfolio/vendor/pestphp/pest/src/Support/ExceptionTrace.php(26): P/Tests/Feature/ExampleTest->{closure:Pest/Concerns/Testable::__callClosure():576}()
#44 C:/Users/user/Herd/portfolio/vendor/pestphp/pest/src/Concerns/Testable.php(576): Pest/Support/ExceptionTrace::ensure(Object(Closure))
#45 C:/Users/user/Herd/portfolio/vendor/pestphp/pest/src/Concerns/Testable.php(403): P/Tests/Feature/ExampleTest->__callClosure(Object(Closure), Array)
#46 C:/Users/user/Herd/portfolio/vendor/pestphp/pest/src/Factories/TestCaseFactory.php(175) : eval()'d code(17): P/Tests/Feature/ExampleTest->__runTest(Object(Closure))
#47 C:/Users/user/Herd/portfolio/vendor/phpunit/phpunit/src/Framework/TestCase.php(1310): P/Tests/Feature/ExampleTest->__pest_evaluable_the_application_returns_a_successful_response()
#48 C:/Users/user/Herd/portfolio/vendor/phpunit/phpunit/src/Framework/TestCase.php(1344): PHPUnit/Framework/TestCase->invokeTestMethod('__pest_evaluabl...', Array)
#49 C:/Users/user/Herd/portfolio/vendor/phpunit/phpunit/src/Framework/TestCase.php(520): PHPUnit/Framework/TestCase->runTest()
#50 C:/Users/user/Herd/portfolio/vendor/phpunit/phpunit/src/Framework/TestRunner/TestRunner.php(99): PHPUnit/Framework/TestCase->runBare()
#51 C:/Users/user/Herd/portfolio/vendor/phpunit/phpunit/src/Framework/TestCase.php(360): PHPUnit/Framework/TestRunner->run(Object(P/Tests/Feature/ExampleTest))
#52 C:/Users/user/Herd/portfolio/vendor/phpunit/phpunit/src/Framework/TestSuite.php(374): PHPUnit/Framework/TestCase->run()
#53 C:/Users/user/Herd/portfolio/vendor/phpunit/phpunit/src/Framework/TestSuite.php(374): PHPUnit/Framework/TestSuite->run()
#54 C:/Users/user/Herd/portfolio/vendor/phpunit/phpunit/src/Framework/TestSuite.php(374): PHPUnit/Framework/TestSuite->run()
#55 C:/Users/user/Herd/portfolio/vendor/phpunit/phpunit/src/TextUI/TestRunner.php(64): PHPUnit/Framework/TestSuite->run()
#56 C:/Users/user/Herd/portfolio/vendor/phpunit/phpunit/src/TextUI/Application.php(229): PHPUnit/TextUI/TestRunner->run(Object(PHPUnit/TextUI/Configuration/Configuration), Object(PHPUnit/Runner/ResultCache/DefaultResultCache), Object(PHPUnit/Framework/TestSuite))
#57 C:/Users/user/Herd/portfolio/vendor/pestphp/pest/src/Kernel.php(117): PHPUnit/TextUI/Application->run(Array)
#58 C:/Users/user/Herd/portfolio/vendor/pestphp/pest/bin/pest(207): Pest/Kernel->handle(Array, Array)
#59 C:/Users/user/Herd/portfolio/vendor/pestphp/pest/bin/pest(215): {closure:C:/Users/user/Herd/portfolio/vendor/pestphp/pest/bin/pest:21}()
#60 {main}
"} 
[2026-05-06 04:37:03] testing.ERROR: Call to undefined function Illuminate\Support\mb_split() {"exception":"[object] (Error(code: 0): Call to undefined function Illuminate\\Support\\mb_split() at C:/Users/user/Herd/portfolio/vendor/laravel/framework/src/Illuminate/Support/Str.php:1722)
[stacktrace]
#0 C:/Users/user/Herd/portfolio/vendor/laravel/framework/src/Illuminate/Support/Manager.php(102): Illuminate/Support/Str::studly('array')
#1 C:/Users/user/Herd/portfolio/vendor/laravel/framework/src/Illuminate/Support/Manager.php(82): Illuminate/Support/Manager->createDriver('array')
#2 C:/Users/user/Herd/portfolio/vendor/laravel/framework/src/Illuminate/Session/SessionServiceProvider.php(52): Illuminate/Support/Manager->driver()
#3 C:/Users/user/Herd/portfolio/vendor/laravel/framework/src/Illuminate/Container/Container.php(1118): Illuminate/Session/SessionServiceProvider->{closure:Illuminate/Session/SessionServiceProvider::registerSessionDriver():48}(Object(Illuminate/Foundation/Application), Array)
#4 C:/Users/user/Herd/portfolio/vendor/laravel/framework/src/Illuminate/Container/Container.php(936): Illuminate/Container/Container->build(Object(Closure))
#5 C:/Users/user/Herd/portfolio/vendor/laravel/framework/src/Illuminate/Foundation/Application.php(1078): Illuminate/Container/Container->resolve('session.store', Array, true)
#6 C:/Users/user/Herd/portfolio/vendor/laravel/framework/src/Illuminate/Container/Container.php(864): Illuminate/Foundation/Application->resolve('session.store', Array)
#7 C:/Users/user/Herd/portfolio/vendor/laravel/framework/src/Illuminate/Foundation/Application.php(1058): Illuminate/Container/Container->make('session.store', Array)
#8 C:/Users/user/Herd/portfolio/vendor/laravel/framework/src/Illuminate/Container/Container.php(1810): Illuminate/Foundation/Application->make('session.store')
#9 C:/Users/user/Herd/portfolio/vendor/laravel/framework/src/Illuminate/Routing/RoutingServiceProvider.php(121): Illuminate/Container/Container->offsetGet('session.store')
#10 C:/Users/user/Herd/portfolio/vendor/laravel/framework/src/Illuminate/Container/Container.php(1118): Illuminate/Routing/RoutingServiceProvider->{closure:Illuminate/Routing/RoutingServiceProvider::registerRedirector():114}(Object(Illuminate/Foundation/Application), Array)
#11 C:/Users/user/Herd/portfolio/vendor/laravel/framework/src/Illuminate/Container/Container.php(936): Illuminate/Container/Container->build(Object(Closure))
#12 C:/Users/user/Herd/portfolio/vendor/laravel/framework/src/Illuminate/Foundation/Application.php(1078): Illuminate/Container/Container->resolve('redirect', Array, true)
#13 C:/Users/user/Herd/portfolio/vendor/laravel/framework/src/Illuminate/Container/Container.php(864): Illuminate/Foundation/Application->resolve('redirect', Array)
#14 C:/Users/user/Herd/portfolio/vendor/laravel/framework/src/Illuminate/Foundation/Application.php(1058): Illuminate/Container/Container->make('redirect', Array)
#15 C:/Users/user/Herd/portfolio/vendor/laravel/framework/src/Illuminate/Container/Container.php(1810): Illuminate/Foundation/Application->make('redirect')
#16 C:/Users/user/Herd/portfolio/vendor/laravel/framework/src/Illuminate/Routing/RoutingServiceProvider.php(181): Illuminate/Container/Container->offsetGet('redirect')
#17 C:/Users/user/Herd/portfolio/vendor/laravel/framework/src/Illuminate/Container/Container.php(1118): Illuminate/Routing/RoutingServiceProvider->{closure:Illuminate/Routing/RoutingServiceProvider::registerResponseFactory():180}(Object(Illuminate/Foundation/Application), Array)
#18 C:/Users/user/Herd/portfolio/vendor/laravel/framework/src/Illuminate/Container/Container.php(936): Illuminate/Container/Container->build(Object(Closure))
#19 C:/Users/user/Herd/portfolio/vendor/laravel/framework/src/Illuminate/Foundation/Application.php(1078): Illuminate/Container/Container->resolve('Illuminate//Cont...', Array, true)
#20 C:/Users/user/Herd/portfolio/vendor/laravel/framework/src/Illuminate/Container/Container.php(864): Illuminate/Foundation/Application->resolve('Illuminate//Cont...', Array)
#21 C:/Users/user/Herd/portfolio/vendor/laravel/framework/src/Illuminate/Foundation/Application.php(1058): Illuminate/Container/Container->make('Illuminate//Cont...', Array)
#22 C:/Users/user/Herd/portfolio/vendor/laravel/framework/src/Illuminate/Foundation/helpers.php(138): Illuminate/Foundation/Application->make('Illuminate//Cont...', Array)
#23 C:/Users/user/Herd/portfolio/vendor/laravel/framework/src/Illuminate/Foundation/helpers.php(850): app('Illuminate//Cont...')
#24 C:/Users/user/Herd/portfolio/vendor/laravel/framework/src/Illuminate/Foundation/Exceptions/Handler.php(1033): response('<!-- Call to un...', 500, Array)
#25 C:/Users/user/Herd/portfolio/vendor/laravel/framework/src/Illuminate/Foundation/Exceptions/Handler.php(883): Illuminate/Foundation/Exceptions/Handler->toIlluminateResponse(Object(Symfony/Component/HttpFoundation/Response), Object(Error))
#26 C:/Users/user/Herd/portfolio/vendor/laravel/framework/src/Illuminate/Foundation/Exceptions/Handler.php(774): Illuminate/Foundation/Exceptions/Handler->prepareResponse(Object(Illuminate/Http/Request), Object(Error))
#27 C:/Users/user/Herd/portfolio/vendor/laravel/framework/src/Illuminate/Foundation/Exceptions/Handler.php(661): Illuminate/Foundation/Exceptions/Handler->renderExceptionResponse(Object(Illuminate/Http/Request), Object(Error))
#28 C:/Users/user/Herd/portfolio/vendor/laravel/framework/src/Illuminate/Routing/Pipeline.php(51): Illuminate/Foundation/Exceptions/Handler->render(Object(Illuminate/Http/Request), Object(Error))
#29 C:/Users/user/Herd/portfolio/vendor/laravel/framework/src/Illuminate/Pipeline/Pipeline.php(224): Illuminate/Routing/Pipeline->handleException(Object(Illuminate/Http/Request), Object(Error))
#30 C:/Users/user/Herd/portfolio/vendor/laravel/framework/src/Illuminate/Http/Middleware/ValidatePathEncoding.php(28): Illuminate/Pipeline/Pipeline->{closure:{closure:Illuminate/Pipeline/Pipeline::carry():194}:195}(Object(Illuminate/Http/Request))
#31 C:/Users/user/Herd/portfolio/vendor/laravel/framework/src/Illuminate/Pipeline/Pipeline.php(219): Illuminate/Http/Middleware/ValidatePathEncoding->handle(Object(Illuminate/Http/Request), Object(Closure))
#32 C:/Users/user/Herd/portfolio/vendor/laravel/framework/src/Illuminate/Pipeline/Pipeline.php(137): Illuminate/Pipeline/Pipeline->{closure:{closure:Illuminate/Pipeline/Pipeline::carry():194}:195}(Object(Illuminate/Http/Request))
#33 C:/Users/user/Herd/portfolio/vendor/laravel/framework/src/Illuminate/Foundation/Http/Kernel.php(175): Illuminate/Pipeline/Pipeline->then(Object(Closure))
#34 C:/Users/user/Herd/portfolio/vendor/laravel/framework/src/Illuminate/Foundation/Http/Kernel.php(144): Illuminate/Foundation/Http/Kernel->sendRequestThroughRouter(Object(Illuminate/Http/Request))
#35 C:/Users/user/Herd/portfolio/vendor/laravel/framework/src/Illuminate/Foundation/Testing/Concerns/MakesHttpRequests.php(607): Illuminate/Foundation/Http/Kernel->handle(Object(Illuminate/Http/Request))
#36 C:/Users/user/Herd/portfolio/vendor/laravel/framework/src/Illuminate/Foundation/Testing/Concerns/MakesHttpRequests.php(368): Illuminate/Foundation/Testing/TestCase->call('GET', '/', Array, Array, Array, Array)
#37 C:/Users/user/Herd/portfolio/tests/Feature/ExampleTest.php(4): Illuminate/Foundation/Testing/TestCase->get('/')
#38 C:/Users/user/Herd/portfolio/vendor/pestphp/pest/src/Factories/TestCaseMethodFactory.php(177): P/Tests/Feature/ExampleTest->{closure:C:/Users/user/Herd/portfolio/tests/Feature/ExampleTest.php:3}()
#39 [internal function]: P/Tests/Feature/ExampleTest->{closure:Pest/Factories/TestCaseMethodFactory::getClosure():167}()
#40 C:/Users/user/Herd/portfolio/vendor/pestphp/pest/src/Concerns/Testable.php(576): call_user_func_array(Object(Closure), Array)
#41 C:/Users/user/Herd/portfolio/vendor/pestphp/pest/src/Support/ExceptionTrace.php(26): P/Tests/Feature/ExampleTest->{closure:Pest/Concerns/Testable::__callClosure():576}()
#42 C:/Users/user/Herd/portfolio/vendor/pestphp/pest/src/Concerns/Testable.php(576): Pest/Support/ExceptionTrace::ensure(Object(Closure))
#43 C:/Users/user/Herd/portfolio/vendor/pestphp/pest/src/Concerns/Testable.php(403): P/Tests/Feature/ExampleTest->__callClosure(Object(Closure), Array)
#44 C:/Users/user/Herd/portfolio/vendor/pestphp/pest/src/Factories/TestCaseFactory.php(175) : eval()'d code(17): P/Tests/Feature/ExampleTest->__runTest(Object(Closure))
#45 C:/Users/user/Herd/portfolio/vendor/phpunit/phpunit/src/Framework/TestCase.php(1310): P/Tests/Feature/ExampleTest->__pest_evaluable_the_application_returns_a_successful_response()
#46 C:/Users/user/Herd/portfolio/vendor/phpunit/phpunit/src/Framework/TestCase.php(1344): PHPUnit/Framework/TestCase->invokeTestMethod('__pest_evaluabl...', Array)
#47 C:/Users/user/Herd/portfolio/vendor/phpunit/phpunit/src/Framework/TestCase.php(520): PHPUnit/Framework/TestCase->runTest()
#48 C:/Users/user/Herd/portfolio/vendor/phpunit/phpunit/src/Framework/TestRunner/TestRunner.php(99): PHPUnit/Framework/TestCase->runBare()
#49 C:/Users/user/Herd/portfolio/vendor/phpunit/phpunit/src/Framework/TestCase.php(360): PHPUnit/Framework/TestRunner->run(Object(P/Tests/Feature/ExampleTest))
#50 C:/Users/user/Herd/portfolio/vendor/phpunit/phpunit/src/Framework/TestSuite.php(374): PHPUnit/Framework/TestCase->run()
#51 C:/Users/user/Herd/portfolio/vendor/phpunit/phpunit/src/Framework/TestSuite.php(374): PHPUnit/Framework/TestSuite->run()
#52 C:/Users/user/Herd/portfolio/vendor/phpunit/phpunit/src/Framework/TestSuite.php(374): PHPUnit/Framework/TestSuite->run()
#53 C:/Users/user/Herd/portfolio/vendor/phpunit/phpunit/src/TextUI/TestRunner.php(64): PHPUnit/Framework/TestSuite->run()
#54 C:/Users/user/Herd/portfolio/vendor/phpunit/phpunit/src/TextUI/Application.php(229): PHPUnit/TextUI/TestRunner->run(Object(PHPUnit/TextUI/Configuration/Configuration), Object(PHPUnit/Runner/ResultCache/DefaultResultCache), Object(PHPUnit/Framework/TestSuite))
#55 C:/Users/user/Herd/portfolio/vendor/pestphp/pest/src/Kernel.php(117): PHPUnit/TextUI/Application->run(Array)
#56 C:/Users/user/Herd/portfolio/vendor/pestphp/pest/bin/pest(207): Pest/Kernel->handle(Array, Array)
#57 C:/Users/user/Herd/portfolio/vendor/pestphp/pest/bin/pest(215): {closure:C:/Users/user/Herd/portfolio/vendor/pestphp/pest/bin/pest:21}()
#58 {main}
"} 
[2026-05-06 04:37:04] testing.ERROR: Call to undefined function Illuminate\Support\mb_split() {"exception":"[object] (Error(code: 0): Call to undefined function Illuminate\\Support\\mb_split() at C:/Users/user/Herd/portfolio/vendor/laravel/framework/src/Illuminate/Support/Str.php:1722)
[stacktrace]
#0 C:/Users/user/Herd/portfolio/vendor/laravel/framework/src/Illuminate/Support/Manager.php(102): Illuminate/Support/Str::studly('array')
#1 C:/Users/user/Herd/portfolio/vendor/laravel/framework/src/Illuminate/Support/Manager.php(82): Illuminate/Support/Manager->createDriver('array')
#2 C:/Users/user/Herd/portfolio/vendor/laravel/framework/src/Illuminate/Session/SessionServiceProvider.php(52): Illuminate/Support/Manager->driver()
#3 C:/Users/user/Herd/portfolio/vendor/laravel/framework/src/Illuminate/Container/Container.php(1118): Illuminate/Session/SessionServiceProvider->{closure:Illuminate/Session/SessionServiceProvider::registerSessionDriver():48}(Object(Illuminate/Foundation/Application), Array)
#4 C:/Users/user/Herd/portfolio/vendor/laravel/framework/src/Illuminate/Container/Container.php(936): Illuminate/Container/Container->build(Object(Closure))
#5 C:/Users/user/Herd/portfolio/vendor/laravel/framework/src/Illuminate/Foundation/Application.php(1078): Illuminate/Container/Container->resolve('session.store', Array, true)
#6 C:/Users/user/Herd/portfolio/vendor/laravel/framework/src/Illuminate/Container/Container.php(864): Illuminate/Foundation/Application->resolve('session.store', Array)
#7 C:/Users/user/Herd/portfolio/vendor/laravel/framework/src/Illuminate/Foundation/Application.php(1058): Illuminate/Container/Container->make('session.store', Array)
#8 C:/Users/user/Herd/portfolio/vendor/laravel/framework/src/Illuminate/Container/Container.php(1810): Illuminate/Foundation/Application->make('session.store')
#9 C:/Users/user/Herd/portfolio/vendor/laravel/framework/src/Illuminate/Routing/RoutingServiceProvider.php(121): Illuminate/Container/Container->offsetGet('session.store')
#10 C:/Users/user/Herd/portfolio/vendor/laravel/framework/src/Illuminate/Container/Container.php(1118): Illuminate/Routing/RoutingServiceProvider->{closure:Illuminate/Routing/RoutingServiceProvider::registerRedirector():114}(Object(Illuminate/Foundation/Application), Array)
#11 C:/Users/user/Herd/portfolio/vendor/laravel/framework/src/Illuminate/Container/Container.php(936): Illuminate/Container/Container->build(Object(Closure))
#12 C:/Users/user/Herd/portfolio/vendor/laravel/framework/src/Illuminate/Foundation/Application.php(1078): Illuminate/Container/Container->resolve('redirect', Array, true)
#13 C:/Users/user/Herd/portfolio/vendor/laravel/framework/src/Illuminate/Container/Container.php(864): Illuminate/Foundation/Application->resolve('redirect', Array)
#14 C:/Users/user/Herd/portfolio/vendor/laravel/framework/src/Illuminate/Foundation/Application.php(1058): Illuminate/Container/Container->make('redirect', Array)
#15 C:/Users/user/Herd/portfolio/vendor/laravel/framework/src/Illuminate/Container/Container.php(1810): Illuminate/Foundation/Application->make('redirect')
#16 C:/Users/user/Herd/portfolio/vendor/laravel/framework/src/Illuminate/Routing/RoutingServiceProvider.php(181): Illuminate/Container/Container->offsetGet('redirect')
#17 C:/Users/user/Herd/portfolio/vendor/laravel/framework/src/Illuminate/Container/Container.php(1118): Illuminate/Routing/RoutingServiceProvider->{closure:Illuminate/Routing/RoutingServiceProvider::registerResponseFactory():180}(Object(Illuminate/Foundation/Application), Array)
#18 C:/Users/user/Herd/portfolio/vendor/laravel/framework/src/Illuminate/Container/Container.php(936): Illuminate/Container/Container->build(Object(Closure))
#19 C:/Users/user/Herd/portfolio/vendor/laravel/framework/src/Illuminate/Foundation/Application.php(1078): Illuminate/Container/Container->resolve('Illuminate//Cont...', Array, true)
#20 C:/Users/user/Herd/portfolio/vendor/laravel/framework/src/Illuminate/Container/Container.php(864): Illuminate/Foundation/Application->resolve('Illuminate//Cont...', Array)
#21 C:/Users/user/Herd/portfolio/vendor/laravel/framework/src/Illuminate/Foundation/Application.php(1058): Illuminate/Container/Container->make('Illuminate//Cont...', Array)
#22 C:/Users/user/Herd/portfolio/vendor/laravel/framework/src/Illuminate/Foundation/helpers.php(138): Illuminate/Foundation/Application->make('Illuminate//Cont...', Array)
#23 C:/Users/user/Herd/portfolio/vendor/laravel/framework/src/Illuminate/Foundation/helpers.php(850): app('Illuminate//Cont...')
#24 C:/Users/user/Herd/portfolio/vendor/laravel/framework/src/Illuminate/Foundation/Exceptions/Handler.php(1033): response('<!-- Call to un...', 500, Array)
#25 C:/Users/user/Herd/portfolio/vendor/laravel/framework/src/Illuminate/Foundation/Exceptions/Handler.php(883): Illuminate/Foundation/Exceptions/Handler->toIlluminateResponse(Object(Symfony/Component/HttpFoundation/Response), Object(Error))
#26 C:/Users/user/Herd/portfolio/vendor/laravel/framework/src/Illuminate/Foundation/Exceptions/Handler.php(774): Illuminate/Foundation/Exceptions/Handler->prepareResponse(Object(Illuminate/Http/Request), Object(Error))
#27 C:/Users/user/Herd/portfolio/vendor/laravel/framework/src/Illuminate/Foundation/Exceptions/Handler.php(661): Illuminate/Foundation/Exceptions/Handler->renderExceptionResponse(Object(Illuminate/Http/Request), Object(Error))
#28 C:/Users/user/Herd/portfolio/vendor/laravel/framework/src/Illuminate/Routing/Pipeline.php(51): Illuminate/Foundation/Exceptions/Handler->render(Object(Illuminate/Http/Request), Object(Error))
#29 C:/Users/user/Herd/portfolio/vendor/laravel/framework/src/Illuminate/Pipeline/Pipeline.php(224): Illuminate/Routing/Pipeline->handleException(Object(Illuminate/Http/Request), Object(Error))
#30 C:/Users/user/Herd/portfolio/vendor/laravel/framework/src/Illuminate/Pipeline/Pipeline.php(137): Illuminate/Pipeline/Pipeline->{closure:{closure:Illuminate/Pipeline/Pipeline::carry():194}:195}(Object(Illuminate/Http/Request))
#31 C:/Users/user/Herd/portfolio/vendor/laravel/framework/src/Illuminate/Foundation/Http/Kernel.php(175): Illuminate/Pipeline/Pipeline->then(Object(Closure))
#32 C:/Users/user/Herd/portfolio/vendor/laravel/framework/src/Illuminate/Foundation/Http/Kernel.php(144): Illuminate/Foundation/Http/Kernel->sendRequestThroughRouter(Object(Illuminate/Http/Request))
#33 C:/Users/user/Herd/portfolio/vendor/laravel/framework/src/Illuminate/Foundation/Testing/Concerns/MakesHttpRequests.php(607): Illuminate/Foundation/Http/Kernel->handle(Object(Illuminate/Http/Request))
#34 C:/Users/user/Herd/portfolio/vendor/laravel/framework/src/Illuminate/Foundation/Testing/Concerns/MakesHttpRequests.php(368): Illuminate/Foundation/Testing/TestCase->call('GET', '/', Array, Array, Array, Array)
#35 C:/Users/user/Herd/portfolio/tests/Feature/ExampleTest.php(4): Illuminate/Foundation/Testing/TestCase->get('/')
#36 C:/Users/user/Herd/portfolio/vendor/pestphp/pest/src/Factories/TestCaseMethodFactory.php(177): P/Tests/Feature/ExampleTest->{closure:C:/Users/user/Herd/portfolio/tests/Feature/ExampleTest.php:3}()
#37 [internal function]: P/Tests/Feature/ExampleTest->{closure:Pest/Factories/TestCaseMethodFactory::getClosure():167}()
#38 C:/Users/user/Herd/portfolio/vendor/pestphp/pest/src/Concerns/Testable.php(576): call_user_func_array(Object(Closure), Array)
#39 C:/Users/user/Herd/portfolio/vendor/pestphp/pest/src/Support/ExceptionTrace.php(26): P/Tests/Feature/ExampleTest->{closure:Pest/Concerns/Testable::__callClosure():576}()
#40 C:/Users/user/Herd/portfolio/vendor/pestphp/pest/src/Concerns/Testable.php(576): Pest/Support/ExceptionTrace::ensure(Object(Closure))
#41 C:/Users/user/Herd/portfolio/vendor/pestphp/pest/src/Concerns/Testable.php(403): P/Tests/Feature/ExampleTest->__callClosure(Object(Closure), Array)
#42 C:/Users/user/Herd/portfolio/vendor/pestphp/pest/src/Factories/TestCaseFactory.php(175) : eval()'d code(17): P/Tests/Feature/ExampleTest->__runTest(Object(Closure))
#43 C:/Users/user/Herd/portfolio/vendor/phpunit/phpunit/src/Framework/TestCase.php(1310): P/Tests/Feature/ExampleTest->__pest_evaluable_the_application_returns_a_successful_response()
#44 C:/Users/user/Herd/portfolio/vendor/phpunit/phpunit/src/Framework/TestCase.php(1344): PHPUnit/Framework/TestCase->invokeTestMethod('__pest_evaluabl...', Array)
#45 C:/Users/user/Herd/portfolio/vendor/phpunit/phpunit/src/Framework/TestCase.php(520): PHPUnit/Framework/TestCase->runTest()
#46 C:/Users/user/Herd/portfolio/vendor/phpunit/phpunit/src/Framework/TestRunner/TestRunner.php(99): PHPUnit/Framework/TestCase->runBare()
#47 C:/Users/user/Herd/portfolio/vendor/phpunit/phpunit/src/Framework/TestCase.php(360): PHPUnit/Framework/TestRunner->run(Object(P/Tests/Feature/ExampleTest))
#48 C:/Users/user/Herd/portfolio/vendor/phpunit/phpunit/src/Framework/TestSuite.php(374): PHPUnit/Framework/TestCase->run()
#49 C:/Users/user/Herd/portfolio/vendor/phpunit/phpunit/src/Framework/TestSuite.php(374): PHPUnit/Framework/TestSuite->run()
#50 C:/Users/user/Herd/portfolio/vendor/phpunit/phpunit/src/Framework/TestSuite.php(374): PHPUnit/Framework/TestSuite->run()
#51 C:/Users/user/Herd/portfolio/vendor/phpunit/phpunit/src/TextUI/TestRunner.php(64): PHPUnit/Framework/TestSuite->run()
#52 C:/Users/user/Herd/portfolio/vendor/phpunit/phpunit/src/TextUI/Application.php(229): PHPUnit/TextUI/TestRunner->run(Object(PHPUnit/TextUI/Configuration/Configuration), Object(PHPUnit/Runner/ResultCache/DefaultResultCache), Object(PHPUnit/Framework/TestSuite))
#53 C:/Users/user/Herd/portfolio/vendor/pestphp/pest/src/Kernel.php(117): PHPUnit/TextUI/Application->run(Array)
#54 C:/Users/user/Herd/portfolio/vendor/pestphp/pest/bin/pest(207): Pest/Kernel->handle(Array, Array)
#55 C:/Users/user/Herd/portfolio/vendor/pestphp/pest/bin/pest(215): {closure:C:/Users/user/Herd/portfolio/vendor/pestphp/pest/bin/pest:21}()
#56 {main}
"} 
[2026-05-06 04:59:28] local.ERROR: Command "testphp" is not defined. {"exception":"[object] (Symfony\\Component\\Console\\Exception\\CommandNotFoundException(code: 0): Command \"testphp\" is not defined. at C:/Users/user/Herd/portfolio/vendor/symfony/console/Application.php:749)
[stacktrace]
#0 C:/Users/user/Herd/portfolio/vendor/symfony/console/Application.php(298): Symfony/Component/Console/Application->find('testphp')
#1 C:/Users/user/Herd/portfolio/vendor/symfony/console/Application.php(195): Symfony/Component/Console/Application->doRun(Object(Symfony/Component/Console/Input/ArgvInput), Object(Symfony/Component/Console/Output/ConsoleOutput))
#2 C:/Users/user/Herd/portfolio/vendor/laravel/framework/src/Illuminate/Foundation/Console/Kernel.php(198): Symfony/Component/Console/Application->run(Object(Symfony/Component/Console/Input/ArgvInput), Object(Symfony/Component/Console/Output/ConsoleOutput))
#3 C:/Users/user/Herd/portfolio/vendor/laravel/framework/src/Illuminate/Foundation/Application.php(1235): Illuminate/Foundation/Console/Kernel->handle(Object(Symfony/Component/Console/Input/ArgvInput), Object(Symfony/Component/Console/Output/ConsoleOutput))
#4 C:/Users/user/Herd/portfolio/artisan(16): Illuminate/Foundation/Application->handleCommand(Object(Symfony/Component/Console/Input/ArgvInput))
#5 {main}
"} 
[2026-05-06 05:01:10] local.ERROR: Cannot redeclare class App\Http\Controllers\PortfolioController (previously declared in C:\Users\user\Herd\portfolio\app\Http\Controllers\PortfolioController.php:7) {"exception":"[object] (Symfony\\Component\\ErrorHandler\\Error\\FatalError(code: 0): Cannot redeclare class App\\Http\\Controllers\\PortfolioController (previously declared in C:\\Users\\user\\Herd\\portfolio\\app\\Http\\Controllers\\PortfolioController.php:7) at C:/Users/user/Herd/portfolio/app/Http/Controllers/Controller.php:7)
[stacktrace]
#0 {main}
"} 
[2026-05-06 14:14:58] local.ERROR: Call to undefined method App\Http\Controllers\PortfolioController::contactSend() {"exception":"[object] (Error(code: 0): Call to undefined method App\\Http\\Controllers\\PortfolioController::contactSend() at C:/Users/user/Herd/portfolio/vendor/laravel/framework/src/Illuminate/Routing/ControllerDispatcher.php:46)
[stacktrace]
#0 C:/Users/user/Herd/portfolio/vendor/laravel/framework/src/Illuminate/Routing/Route.php(269): Illuminate/Routing/ControllerDispatcher->dispatch(Object(Illuminate/Routing/Route), Object(App/Http/Controllers/PortfolioController), 'contactSend')
#1 C:/Users/user/Herd/portfolio/vendor/laravel/framework/src/Illuminate/Routing/Route.php(215): Illuminate/Routing/Route->runController()
#2 C:/Users/user/Herd/portfolio/vendor/laravel/framework/src/Illuminate/Routing/Router.php(822): Illuminate/Routing/Route->run()
#3 C:/Users/user/Herd/portfolio/vendor/laravel/framework/src/Illuminate/Pipeline/Pipeline.php(180): Illuminate/Routing/Router->{closure:Illuminate/Routing/Router::runRouteWithinStack():821}(Object(Illuminate/Http/Request))
#4 C:/Users/user/Herd/portfolio/vendor/laravel/framework/src/Illuminate/Routing/Middleware/SubstituteBindings.php(52): Illuminate/Pipeline/Pipeline->{closure:Illuminate/Pipeline/Pipeline::prepareDestination():178}(Object(Illuminate/Http/Request))
#5 C:/Users/user/Herd/portfolio/vendor/laravel/framework/src/Illuminate/Pipeline/Pipeline.php(219): Illuminate/Routing/Middleware/SubstituteBindings->handle(Object(Illuminate/Http/Request), Object(Closure))
#6 C:/Users/user/Herd/portfolio/vendor/laravel/framework/src/Illuminate/Foundation/Http/Middleware/PreventRequestForgery.php(104): Illuminate/Pipeline/Pipeline->{closure:{closure:Illuminate/Pipeline/Pipeline::carry():194}:195}(Object(Illuminate/Http/Request))
#7 C:/Users/user/Herd/portfolio/vendor/laravel/framework/src/Illuminate/Pipeline/Pipeline.php(219): Illuminate/Foundation/Http/Middleware/PreventRequestForgery->handle(Object(Illuminate/Http/Request), Object(Closure))
#8 C:/Users/user/Herd/portfolio/vendor/laravel/framework/src/Illuminate/View/Middleware/ShareErrorsFromSession.php(48): Illuminate/Pipeline/Pipeline->{closure:{closure:Illuminate/Pipeline/Pipeline::carry():194}:195}(Object(Illuminate/Http/Request))
#9 C:/Users/user/Herd/portfolio/vendor/laravel/framework/src/Illuminate/Pipeline/Pipeline.php(219): Illuminate/View/Middleware/ShareErrorsFromSession->handle(Object(Illuminate/Http/Request), Object(Closure))
#10 C:/Users/user/Herd/portfolio/vendor/laravel/framework/src/Illuminate/Session/Middleware/StartSession.php(120): Illuminate/Pipeline/Pipeline->{closure:{closure:Illuminate/Pipeline/Pipeline::carry():194}:195}(Object(Illuminate/Http/Request))
#11 C:/Users/user/Herd/portfolio/vendor/laravel/framework/src/Illuminate/Session/Middleware/StartSession.php(63): Illuminate/Session/Middleware/StartSession->handleStatefulRequest(Object(Illuminate/Http/Request), Object(Illuminate/Session/Store), Object(Closure))
#12 C:/Users/user/Herd/portfolio/vendor/laravel/framework/src/Illuminate/Pipeline/Pipeline.php(219): Illuminate/Session/Middleware/StartSession->handle(Object(Illuminate/Http/Request), Object(Closure))
#13 C:/Users/user/Herd/portfolio/vendor/laravel/framework/src/Illuminate/Cookie/Middleware/AddQueuedCookiesToResponse.php(36): Illuminate/Pipeline/Pipeline->{closure:{closure:Illuminate/Pipeline/Pipeline::carry():194}:195}(Object(Illuminate/Http/Request))
#14 C:/Users/user/Herd/portfolio/vendor/laravel/framework/src/Illuminate/Pipeline/Pipeline.php(219): Illuminate/Cookie/Middleware/AddQueuedCookiesToResponse->handle(Object(Illuminate/Http/Request), Object(Closure))
#15 C:/Users/user/Herd/portfolio/vendor/laravel/framework/src/Illuminate/Cookie/Middleware/EncryptCookies.php(74): Illuminate/Pipeline/Pipeline->{closure:{closure:Illuminate/Pipeline/Pipeline::carry():194}:195}(Object(Illuminate/Http/Request))
#16 C:/Users/user/Herd/portfolio/vendor/laravel/framework/src/Illuminate/Pipeline/Pipeline.php(219): Illuminate/Cookie/Middleware/EncryptCookies->handle(Object(Illuminate/Http/Request), Object(Closure))
#17 C:/Users/user/Herd/portfolio/vendor/laravel/framework/src/Illuminate/Pipeline/Pipeline.php(137): Illuminate/Pipeline/Pipeline->{closure:{closure:Illuminate/Pipeline/Pipeline::carry():194}:195}(Object(Illuminate/Http/Request))
#18 C:/Users/user/Herd/portfolio/vendor/laravel/framework/src/Illuminate/Routing/Router.php(821): Illuminate/Pipeline/Pipeline->then(Object(Closure))
#19 C:/Users/user/Herd/portfolio/vendor/laravel/framework/src/Illuminate/Routing/Router.php(800): Illuminate/Routing/Router->runRouteWithinStack(Object(Illuminate/Routing/Route), Object(Illuminate/Http/Request))
#20 C:/Users/user/Herd/portfolio/vendor/laravel/framework/src/Illuminate/Routing/Router.php(764): Illuminate/Routing/Router->runRoute(Object(Illuminate/Http/Request), Object(Illuminate/Routing/Route))
#21 C:/Users/user/Herd/portfolio/vendor/laravel/framework/src/Illuminate/Routing/Router.php(753): Illuminate/Routing/Router->dispatchToRoute(Object(Illuminate/Http/Request))
#22 C:/Users/user/Herd/portfolio/vendor/laravel/framework/src/Illuminate/Foundation/Http/Kernel.php(200): Illuminate/Routing/Router->dispatch(Object(Illuminate/Http/Request))
#23 C:/Users/user/Herd/portfolio/vendor/laravel/framework/src/Illuminate/Pipeline/Pipeline.php(180): Illuminate/Foundation/Http/Kernel->{closure:Illuminate/Foundation/Http/Kernel::dispatchToRouter():197}(Object(Illuminate/Http/Request))
#24 C:/Users/user/Herd/portfolio/vendor/laravel/framework/src/Illuminate/Foundation/Http/Middleware/TransformsRequest.php(21): Illuminate/Pipeline/Pipeline->{closure:Illuminate/Pipeline/Pipeline::prepareDestination():178}(Object(Illuminate/Http/Request))
#25 C:/Users/user/Herd/portfolio/vendor/laravel/framework/src/Illuminate/Foundation/Http/Middleware/ConvertEmptyStringsToNull.php(31): Illuminate/Foundation/Http/Middleware/TransformsRequest->handle(Object(Illuminate/Http/Request), Object(Closure))
#26 C:/Users/user/Herd/portfolio/vendor/laravel/framework/src/Illuminate/Pipeline/Pipeline.php(219): Illuminate/Foundation/Http/Middleware/ConvertEmptyStringsToNull->handle(Object(Illuminate/Http/Request), Object(Closure))
#27 C:/Users/user/Herd/portfolio/vendor/laravel/framework/src/Illuminate/Foundation/Http/Middleware/TransformsRequest.php(21): Illuminate/Pipeline/Pipeline->{closure:{closure:Illuminate/Pipeline/Pipeline::carry():194}:195}(Object(Illuminate/Http/Request))
#28 C:/Users/user/Herd/portfolio/vendor/laravel/framework/src/Illuminate/Foundation/Http/Middleware/TrimStrings.php(51): Illuminate/Foundation/Http/Middleware/TransformsRequest->handle(Object(Illuminate/Http/Request), Object(Closure))
#29 C:/Users/user/Herd/portfolio/vendor/laravel/framework/src/Illuminate/Pipeline/Pipeline.php(219): Illuminate/Foundation/Http/Middleware/TrimStrings->handle(Object(Illuminate/Http/Request), Object(Closure))
#30 C:/Users/user/Herd/portfolio/vendor/laravel/framework/src/Illuminate/Http/Middleware/ValidatePostSize.php(27): Illuminate/Pipeline/Pipeline->{closure:{closure:Illuminate/Pipeline/Pipeline::carry():194}:195}(Object(Illuminate/Http/Request))
#31 C:/Users/user/Herd/portfolio/vendor/laravel/framework/src/Illuminate/Pipeline/Pipeline.php(219): Illuminate/Http/Middleware/ValidatePostSize->handle(Object(Illuminate/Http/Request), Object(Closure))
#32 C:/Users/user/Herd/portfolio/vendor/laravel/framework/src/Illuminate/Foundation/Http/Middleware/PreventRequestsDuringMaintenance.php(109): Illuminate/Pipeline/Pipeline->{closure:{closure:Illuminate/Pipeline/Pipeline::carry():194}:195}(Object(Illuminate/Http/Request))
#33 C:/Users/user/Herd/portfolio/vendor/laravel/framework/src/Illuminate/Pipeline/Pipeline.php(219): Illuminate/Foundation/Http/Middleware/PreventRequestsDuringMaintenance->handle(Object(Illuminate/Http/Request), Object(Closure))
#34 C:/Users/user/Herd/portfolio/vendor/laravel/framework/src/Illuminate/Http/Middleware/HandleCors.php(61): Illuminate/Pipeline/Pipeline->{closure:{closure:Illuminate/Pipeline/Pipeline::carry():194}:195}(Object(Illuminate/Http/Request))
#35 C:/Users/user/Herd/portfolio/vendor/laravel/framework/src/Illuminate/Pipeline/Pipeline.php(219): Illuminate/Http/Middleware/HandleCors->handle(Object(Illuminate/Http/Request), Object(Closure))
#36 C:/Users/user/Herd/portfolio/vendor/laravel/framework/src/Illuminate/Http/Middleware/TrustProxies.php(58): Illuminate/Pipeline/Pipeline->{closure:{closure:Illuminate/Pipeline/Pipeline::carry():194}:195}(Object(Illuminate/Http/Request))
#37 C:/Users/user/Herd/portfolio/vendor/laravel/framework/src/Illuminate/Pipeline/Pipeline.php(219): Illuminate/Http/Middleware/TrustProxies->handle(Object(Illuminate/Http/Request), Object(Closure))
#38 C:/Users/user/Herd/portfolio/vendor/laravel/framework/src/Illuminate/Foundation/Http/Middleware/InvokeDeferredCallbacks.php(22): Illuminate/Pipeline/Pipeline->{closure:{closure:Illuminate/Pipeline/Pipeline::carry():194}:195}(Object(Illuminate/Http/Request))
#39 C:/Users/user/Herd/portfolio/vendor/laravel/framework/src/Illuminate/Pipeline/Pipeline.php(219): Illuminate/Foundation/Http/Middleware/InvokeDeferredCallbacks->handle(Object(Illuminate/Http/Request), Object(Closure))
#40 C:/Users/user/Herd/portfolio/vendor/laravel/framework/src/Illuminate/Http/Middleware/ValidatePathEncoding.php(28): Illuminate/Pipeline/Pipeline->{closure:{closure:Illuminate/Pipeline/Pipeline::carry():194}:195}(Object(Illuminate/Http/Request))
#41 C:/Users/user/Herd/portfolio/vendor/laravel/framework/src/Illuminate/Pipeline/Pipeline.php(219): Illuminate/Http/Middleware/ValidatePathEncoding->handle(Object(Illuminate/Http/Request), Object(Closure))
#42 C:/Users/user/Herd/portfolio/vendor/laravel/framework/src/Illuminate/Pipeline/Pipeline.php(137): Illuminate/Pipeline/Pipeline->{closure:{closure:Illuminate/Pipeline/Pipeline::carry():194}:195}(Object(Illuminate/Http/Request))
#43 C:/Users/user/Herd/portfolio/vendor/laravel/framework/src/Illuminate/Foundation/Http/Kernel.php(175): Illuminate/Pipeline/Pipeline->then(Object(Closure))
#44 C:/Users/user/Herd/portfolio/vendor/laravel/framework/src/Illuminate/Foundation/Http/Kernel.php(144): Illuminate/Foundation/Http/Kernel->sendRequestThroughRouter(Object(Illuminate/Http/Request))
#45 C:/Users/user/Herd/portfolio/vendor/laravel/framework/src/Illuminate/Foundation/Application.php(1220): Illuminate/Foundation/Http/Kernel->handle(Object(Illuminate/Http/Request))
#46 C:/Users/user/Herd/portfolio/public/index.php(20): Illuminate/Foundation/Application->handleRequest(Object(Illuminate/Http/Request))
#47 C:/Program Files/Herd/resources/app.asar.unpacked/resources/valet/server.php(139): require('C://Users//user//H...')
#48 {main}
"} 
[2026-05-06 15:07:40] laravel.EMERGENCY: Unable to create configured logger. Using emergency logger. {"exception":"[object] (InvalidArgumentException(code: 0): Log [] is not defined. at C:/Users/user/Herd/portfolio/vendor/laravel/framework/src/Illuminate/Log/LogManager.php:227)
[stacktrace]
#0 C:/Users/user/Herd/portfolio/vendor/laravel/framework/src/Illuminate/Log/LogManager.php(143): Illuminate/Log/LogManager->resolve(NULL, NULL)
#1 C:/Users/user/Herd/portfolio/vendor/laravel/framework/src/Illuminate/Log/LogManager.php(130): Illuminate/Log/LogManager->get(NULL)
#2 C:/Users/user/Herd/portfolio/vendor/laravel/framework/src/Illuminate/Log/LogManager.php(714): Illuminate/Log/LogManager->driver()
#3 C:/Users/user/Herd/portfolio/vendor/laravel/framework/src/Illuminate/Foundation/Exceptions/Handler.php(416): Illuminate/Log/LogManager->error('syntax error, u...', Array)
#4 C:/Users/user/Herd/portfolio/vendor/laravel/framework/src/Illuminate/Foundation/Exceptions/Handler.php(374): Illuminate/Foundation/Exceptions/Handler->reportThrowable(Object(ParseError))
#5 C:/Users/user/Herd/portfolio/vendor/laravel/framework/src/Illuminate/Foundation/Http/Kernel.php(562): Illuminate/Foundation/Exceptions/Handler->report(Object(ParseError))
#6 C:/Users/user/Herd/portfolio/vendor/laravel/framework/src/Illuminate/Foundation/Http/Kernel.php(146): Illuminate/Foundation/Http/Kernel->reportException(Object(ParseError))
#7 C:/Users/user/Herd/portfolio/vendor/laravel/framework/src/Illuminate/Foundation/Application.php(1220): Illuminate/Foundation/Http/Kernel->handle(Object(Illuminate/Http/Request))
#8 C:/Users/user/Herd/portfolio/public/index.php(20): Illuminate/Foundation/Application->handleRequest(Object(Illuminate/Http/Request))
#9 C:/Program Files/Herd/resources/app.asar.unpacked/resources/valet/server.php(139): require('C://Users//user//H...')
#10 {main}
"} 
[2026-05-06 15:07:40] laravel.ERROR: syntax error, unexpected token ";", expecting "]" {"exception":"[object] (ParseError(code: 0): syntax error, unexpected token \";\", expecting \"]\" at C:/Users/user/Herd/portfolio/config/blog.php:83)
[stacktrace]
#0 C:/Users/user/Herd/portfolio/vendor/laravel/framework/src/Illuminate/Foundation/Bootstrap/LoadConfiguration.php(115): Illuminate/Foundation/Bootstrap/LoadConfiguration->{closure:Illuminate/Foundation/Bootstrap/LoadConfiguration::loadConfigurationFile():115}()
#1 C:/Users/user/Herd/portfolio/vendor/laravel/framework/src/Illuminate/Foundation/Bootstrap/LoadConfiguration.php(96): Illuminate/Foundation/Bootstrap/LoadConfiguration->loadConfigurationFile(Object(Illuminate/Config/Repository), 'blog', 'C://Users//user//H...', Array)
#2 C:/Users/user/Herd/portfolio/vendor/laravel/framework/src/Illuminate/Foundation/Bootstrap/LoadConfiguration.php(55): Illuminate/Foundation/Bootstrap/LoadConfiguration->loadConfigurationFiles(Object(Illuminate/Foundation/Application), Object(Illuminate/Config/Repository))
#3 C:/Users/user/Herd/portfolio/vendor/laravel/framework/src/Illuminate/Foundation/Application.php(342): Illuminate/Foundation/Bootstrap/LoadConfiguration->bootstrap(Object(Illuminate/Foundation/Application))
#4 C:/Users/user/Herd/portfolio/vendor/laravel/framework/src/Illuminate/Foundation/Http/Kernel.php(186): Illuminate/Foundation/Application->bootstrapWith(Array)
#5 C:/Users/user/Herd/portfolio/vendor/laravel/framework/src/Illuminate/Foundation/Http/Kernel.php(170): Illuminate/Foundation/Http/Kernel->bootstrap()
#6 C:/Users/user/Herd/portfolio/vendor/laravel/framework/src/Illuminate/Foundation/Http/Kernel.php(144): Illuminate/Foundation/Http/Kernel->sendRequestThroughRouter(Object(Illuminate/Http/Request))
#7 C:/Users/user/Herd/portfolio/vendor/laravel/framework/src/Illuminate/Foundation/Application.php(1220): Illuminate/Foundation/Http/Kernel->handle(Object(Illuminate/Http/Request))
#8 C:/Users/user/Herd/portfolio/public/index.php(20): Illuminate/Foundation/Application->handleRequest(Object(Illuminate/Http/Request))
#9 C:/Program Files/Herd/resources/app.asar.unpacked/resources/valet/server.php(139): require('C://Users//user//H...')
#10 {main}
"} 
[2026-05-06 15:07:47] laravel.EMERGENCY: Unable to create configured logger. Using emergency logger. {"exception":"[object] (InvalidArgumentException(code: 0): Log [] is not defined. at C:/Users/user/Herd/portfolio/vendor/laravel/framework/src/Illuminate/Log/LogManager.php:227)
[stacktrace]
#0 C:/Users/user/Herd/portfolio/vendor/laravel/framework/src/Illuminate/Log/LogManager.php(143): Illuminate/Log/LogManager->resolve(NULL, NULL)
#1 C:/Users/user/Herd/portfolio/vendor/laravel/framework/src/Illuminate/Log/LogManager.php(130): Illuminate/Log/LogManager->get(NULL)
#2 C:/Users/user/Herd/portfolio/vendor/laravel/framework/src/Illuminate/Log/LogManager.php(714): Illuminate/Log/LogManager->driver()
#3 C:/Users/user/Herd/portfolio/vendor/laravel/framework/src/Illuminate/Foundation/Exceptions/Handler.php(416): Illuminate/Log/LogManager->error('syntax error, u...', Array)
#4 C:/Users/user/Herd/portfolio/vendor/laravel/framework/src/Illuminate/Foundation/Exceptions/Handler.php(374): Illuminate/Foundation/Exceptions/Handler->reportThrowable(Object(ParseError))
#5 C:/Users/user/Herd/portfolio/vendor/laravel/framework/src/Illuminate/Foundation/Http/Kernel.php(562): Illuminate/Foundation/Exceptions/Handler->report(Object(ParseError))
#6 C:/Users/user/Herd/portfolio/vendor/laravel/framework/src/Illuminate/Foundation/Http/Kernel.php(146): Illuminate/Foundation/Http/Kernel->reportException(Object(ParseError))
#7 C:/Users/user/Herd/portfolio/vendor/laravel/framework/src/Illuminate/Foundation/Application.php(1220): Illuminate/Foundation/Http/Kernel->handle(Object(Illuminate/Http/Request))
#8 C:/Users/user/Herd/portfolio/public/index.php(20): Illuminate/Foundation/Application->handleRequest(Object(Illuminate/Http/Request))
#9 C:/Program Files/Herd/resources/app.asar.unpacked/resources/valet/server.php(139): require('C://Users//user//H...')
#10 {main}
"} 
[2026-05-06 15:07:47] laravel.ERROR: syntax error, unexpected token ";", expecting "]" {"exception":"[object] (ParseError(code: 0): syntax error, unexpected token \";\", expecting \"]\" at C:/Users/user/Herd/portfolio/config/blog.php:83)
[stacktrace]
#0 C:/Users/user/Herd/portfolio/vendor/laravel/framework/src/Illuminate/Foundation/Bootstrap/LoadConfiguration.php(115): Illuminate/Foundation/Bootstrap/LoadConfiguration->{closure:Illuminate/Foundation/Bootstrap/LoadConfiguration::loadConfigurationFile():115}()
#1 C:/Users/user/Herd/portfolio/vendor/laravel/framework/src/Illuminate/Foundation/Bootstrap/LoadConfiguration.php(96): Illuminate/Foundation/Bootstrap/LoadConfiguration->loadConfigurationFile(Object(Illuminate/Config/Repository), 'blog', 'C://Users//user//H...', Array)
#2 C:/Users/user/Herd/portfolio/vendor/laravel/framework/src/Illuminate/Foundation/Bootstrap/LoadConfiguration.php(55): Illuminate/Foundation/Bootstrap/LoadConfiguration->loadConfigurationFiles(Object(Illuminate/Foundation/Application), Object(Illuminate/Config/Repository))
#3 C:/Users/user/Herd/portfolio/vendor/laravel/framework/src/Illuminate/Foundation/Application.php(342): Illuminate/Foundation/Bootstrap/LoadConfiguration->bootstrap(Object(Illuminate/Foundation/Application))
#4 C:/Users/user/Herd/portfolio/vendor/laravel/framework/src/Illuminate/Foundation/Http/Kernel.php(186): Illuminate/Foundation/Application->bootstrapWith(Array)
#5 C:/Users/user/Herd/portfolio/vendor/laravel/framework/src/Illuminate/Foundation/Http/Kernel.php(170): Illuminate/Foundation/Http/Kernel->bootstrap()
#6 C:/Users/user/Herd/portfolio/vendor/laravel/framework/src/Illuminate/Foundation/Http/Kernel.php(144): Illuminate/Foundation/Http/Kernel->sendRequestThroughRouter(Object(Illuminate/Http/Request))
#7 C:/Users/user/Herd/portfolio/vendor/laravel/framework/src/Illuminate/Foundation/Application.php(1220): Illuminate/Foundation/Http/Kernel->handle(Object(Illuminate/Http/Request))
#8 C:/Users/user/Herd/portfolio/public/index.php(20): Illuminate/Foundation/Application->handleRequest(Object(Illuminate/Http/Request))
#9 C:/Program Files/Herd/resources/app.asar.unpacked/resources/valet/server.php(139): require('C://Users//user//H...')
#10 {main}
"} 
